com.yaya.sdk.ExceptionRecovery -> com.yaya.sdk.a:
    void notifyEnterRoomResult(int,java.lang.Exception) -> a
    void prepare(java.lang.String,com.yaya.sdk.ExceptionRecovery$RetryCallback,com.yaya.sdk.account.AccountAuthCallback) -> a
    void cancel() -> a
    void reconnect(int,java.lang.String) -> a
com.yaya.sdk.ExceptionRecovery$RetryCallback -> com.yaya.sdk.a$a:
    void onReconnectStart() -> a
    void onReconnectFail(int,java.lang.String) -> a
    void onReconnectSuccess() -> b
com.yaya.sdk.InitParams -> com.yaya.sdk.InitParams:
    java.lang.Integer retryCount -> retryCount
    java.lang.Long retryTimeout -> retryTimeout
    java.lang.Long httpTimeout -> httpTimeout
    java.lang.Boolean useDNSCache -> useDNSCache
    java.util.Map customDnsMap -> customDnsMap
    java.lang.Long loadDnsTimeout -> loadDnsTimeout
    boolean isInitMethodAsynchronous -> isInitMethodAsynchronous
    java.lang.Long loginTimeout -> loginTimeout
    java.lang.Long logoutTimeout -> logoutTimeout
    java.lang.Long micUpTimeout -> micUpTimeout
    java.lang.Long micDownTimeout -> micDownTimeout
    java.lang.Long modeSetTimeout -> modeSetTimeout
    void <init>() -> <init>
    com.yaya.sdk.InitParams getDefault() -> getDefault
    java.lang.Integer getRetryCount() -> getRetryCount
    java.lang.Long getRetryTimeout() -> getRetryTimeout
    void setRetryParams(int,long) -> setRetryParams
    void putCustomDns(java.lang.String,java.lang.String) -> putCustomDns
    boolean isInitMethodAsynchronous() -> isInitMethodAsynchronous
    void setInitMethodAsynchronous(boolean) -> setInitMethodAsynchronous
    java.util.Map getCustomDnsMap() -> getCustomDnsMap
    java.lang.Long getLoadDnsTimeout() -> getLoadDnsTimeout
    void setLoadDnsTimeout(long) -> setLoadDnsTimeout
    java.lang.Long getHttpTimeout() -> getHttpTimeout
    void setHttpTimeout(long) -> setHttpTimeout
    java.lang.Boolean getUseDNSCache() -> getUseDNSCache
    void setUseDNSCache(boolean) -> setUseDNSCache
    java.lang.Long getLoginTimeout() -> getLoginTimeout
    void setLoginTimeout(long) -> setLoginTimeout
    java.lang.Long getLogoutTimeout() -> getLogoutTimeout
    void setLogoutTimeout(long) -> setLogoutTimeout
    java.lang.Long getMicDownTimeout() -> getMicDownTimeout
    void setMicDownTimeout(long) -> setMicDownTimeout
    java.lang.Long getMicUpTimeout() -> getMicUpTimeout
    void setMicUpTimeout(long) -> setMicUpTimeout
    java.lang.Long getModeSetTimeout() -> getModeSetTimeout
    void setModeSetTimeout(long) -> setModeSetTimeout
com.yaya.sdk.MLog -> com.yaya.sdk.MLog:
    boolean enable -> enable
    void <init>() -> <init>
    void d(java.lang.String,java.lang.String) -> d
    void v(java.lang.String,java.lang.String) -> v
    void i(java.lang.String,java.lang.String) -> i
    void w(java.lang.String,java.lang.String) -> w
    void e(java.lang.String,java.lang.String) -> e
com.yaya.sdk.MessageFilter -> com.yaya.sdk.MessageFilter:
    boolean filterVoiceMsg(java.lang.Long,java.lang.String) -> filterVoiceMsg
    boolean filterTextMsg(java.lang.Long,java.lang.String,java.lang.String) -> filterTextMsg
com.yaya.sdk.RTV -> com.yaya.sdk.RTV:
    java.lang.String ACTION_TYPE_OPEN_MIC -> ACTION_TYPE_OPEN_MIC
    java.lang.String ACTION_TYPE_CLOSE_MIC -> ACTION_TYPE_CLOSE_MIC
    void init(android.content.Context,java.lang.String,com.yaya.sdk.VideoTroopsRespondListener,com.yaya.sdk.RTV$Env,com.yaya.sdk.InitParams,com.yaya.sdk.RTV$Mode) -> init
    void init(android.content.Context,java.lang.String,com.yaya.sdk.VideoTroopsRespondListener,com.yaya.sdk.RTV$Env,com.yaya.sdk.RTV$Mode) -> init
    void setNetStateListener(com.yaya.sdk.YayaNetStateListener) -> setNetStateListener
    void destroy() -> destroy
    java.lang.String getSdkVersion() -> getSdkVersion
    java.lang.String getAppId() -> getAppId
    void loginBinding(java.lang.String,java.lang.String) -> loginBinding
    void login(java.lang.String) -> login
    void login(long,java.lang.String,java.lang.String) -> login
    void thirdAuth(long,java.lang.String,java.lang.String,java.lang.String,java.lang.String) -> thirdAuth
    void logout() -> logout
    void mic(java.lang.String,java.lang.String) -> mic
    void mic(java.lang.String) -> mic
    void micUp(java.lang.String) -> micUp
    void micUp() -> micUp
    void micUpWithLimit(long,java.lang.String) -> micUpWithLimit
    void micUpWithLimit(long) -> micUpWithLimit
    void micDown(java.lang.String) -> micDown
    void micDown() -> micDown
    void sendTextMessage(java.lang.String,java.lang.String) -> sendTextMessage
    void sendTextMessage(java.lang.String) -> sendTextMessage
    boolean setMessageFilter(com.yaya.sdk.MessageFilter) -> setMessageFilter
com.yaya.sdk.RTV$Env -> com.yaya.sdk.RTV$Env:
    com.yaya.sdk.RTV$Env Test -> Test
    com.yaya.sdk.RTV$Env Product -> Product
    com.yaya.sdk.RTV$Env Oversea -> Oversea
    com.yaya.sdk.RTV$Env[] $VALUES -> $VALUES
    com.yaya.sdk.RTV$Env[] values() -> values
    com.yaya.sdk.RTV$Env valueOf(java.lang.String) -> valueOf
    void <init>(java.lang.String,int) -> <init>
    void <clinit>() -> <clinit>
com.yaya.sdk.RTV$Mode -> com.yaya.sdk.RTV$Mode:
    com.yaya.sdk.RTV$Mode Free -> Free
    com.yaya.sdk.RTV$Mode Robmic -> Robmic
    com.yaya.sdk.RTV$Mode[] $VALUES -> $VALUES
    com.yaya.sdk.RTV$Mode[] values() -> values
    com.yaya.sdk.RTV$Mode valueOf(java.lang.String) -> valueOf
    void <init>(java.lang.String,int) -> <init>
    void <clinit>() -> <clinit>
com.yaya.sdk.VideoTroopsRespondListener -> com.yaya.sdk.VideoTroopsRespondListener:
    void initComplete() -> initComplete
    void onLoginResp(int,java.lang.String,long,byte) -> onLoginResp
    void onLogoutResp(long,java.lang.String) -> onLogoutResp
    void onMicResp(long,java.lang.String,java.lang.String) -> onMicResp
    void onSendRealTimeVoiceMessageResp(long,java.lang.String) -> onSendRealTimeVoiceMessageResp
    void onTextMessageNotify(com.yaya.sdk.tlv.protocol.message.TextMessageNotify) -> onTextMessageNotify
    void onSendTextMessageResp(long,java.lang.String,java.lang.String) -> onSendTextMessageResp
    void onRealTimeVoiceMessageNotify(java.lang.String,long,java.lang.String) -> onRealTimeVoiceMessageNotify
    void audioRecordUnavailableNotify(int,java.lang.String) -> audioRecordUnavailableNotify
    void onAuthResp(long,java.lang.String,long) -> onAuthResp
    void onGetRoomResp(long,java.lang.String) -> onGetRoomResp
    void onReconnectStart() -> onReconnectStart
    void onReconnectFail(int,java.lang.String) -> onReconnectFail
    void onReconnectSuccess() -> onReconnectSuccess
com.yaya.sdk.YayaExceptionRecovery -> com.yaya.sdk.b:
    java.lang.String mRoomSeq -> a
    com.yaya.sdk.ExceptionRecovery$RetryCallback mRetryCallback -> b
    com.yaya.sdk.account.AccountAuthCallback mAuthCallback -> c
    int retryCount -> d
    long retryTimeout -> e
    com.yaya.sdk.YayaExceptionRecovery$RetryCountHandler mRetryCountHandler -> f
    android.content.Context mContext -> g
    com.yaya.sdk.account.auth.YayaAuth mYayaAuth -> h
    com.yaya.sdk.account.auth.ThirdAuth mThirdAuth -> i
    boolean isReconnecting -> j
    java.lang.Runnable disconnectTask -> k
    java.lang.Runnable realReconnectTask -> l
    com.yaya.sdk.ExceptionRecovery newInstance(android.content.Context,com.yaya.sdk.account.auth.YayaAuth,com.yaya.sdk.account.auth.ThirdAuth,java.lang.Integer,java.lang.Long) -> a
    void <init>(android.content.Context,com.yaya.sdk.account.auth.YayaAuth,com.yaya.sdk.account.auth.ThirdAuth,int,long) -> <init>
    void prepare(java.lang.String,com.yaya.sdk.ExceptionRecovery$RetryCallback,com.yaya.sdk.account.AccountAuthCallback) -> a
    void cancel() -> a
    boolean isCanceled() -> b
    void reconnect(int,java.lang.String) -> a
    void notifyEnterRoomResult(int,java.lang.Exception) -> a
    void onTcpException(int,java.lang.Exception) -> b
    void realReconnect(int,java.lang.String) -> b
    com.yaya.sdk.ExceptionRecovery$RetryCallback access$000(com.yaya.sdk.YayaExceptionRecovery) -> a
    com.yaya.sdk.account.AccountAuthCallback access$100(com.yaya.sdk.YayaExceptionRecovery) -> b
    java.lang.String access$200(com.yaya.sdk.YayaExceptionRecovery) -> c
    boolean access$302(com.yaya.sdk.YayaExceptionRecovery,boolean) -> a
    com.yaya.sdk.account.auth.YayaAuth access$400(com.yaya.sdk.YayaExceptionRecovery) -> d
    com.yaya.sdk.account.auth.ThirdAuth access$500(com.yaya.sdk.YayaExceptionRecovery) -> e
com.yaya.sdk.YayaExceptionRecovery$1 -> com.yaya.sdk.c:
    com.yaya.sdk.YayaExceptionRecovery this$0 -> a
    void <init>(com.yaya.sdk.YayaExceptionRecovery) -> <init>
    void run() -> run
com.yaya.sdk.YayaExceptionRecovery$2 -> com.yaya.sdk.d:
    com.yaya.sdk.YayaExceptionRecovery this$0 -> a
    void <init>(com.yaya.sdk.YayaExceptionRecovery) -> <init>
    void run() -> run
com.yaya.sdk.YayaExceptionRecovery$RetryCountHandler -> com.yaya.sdk.b$a:
    int hasRetryCount -> a
    long retryTimeout -> b
    void <init>(long) -> <init>
    void handleMessage(android.os.Message) -> handleMessage
    void clear() -> a
    void recordRetryCount() -> b
    int getHasRetryCount() -> c
com.yaya.sdk.YayaNetStateListener -> com.yaya.sdk.YayaNetStateListener:
    long UPDATE_PERIOD -> UPDATE_PERIOD
    long STATE_NORMAL -> STATE_NORMAL
    long STATE_MAY_BE_NORMAL -> STATE_MAY_BE_NORMAL
    long STATE_BAD -> STATE_BAD
    long STATE_ERR -> STATE_ERR
    void onNetStateUpdate(long,long) -> onNetStateUpdate
com.yaya.sdk.YayaRTV -> com.yaya.sdk.YayaRTV:
    com.yaya.sdk.YayaRTV yayaRTV -> a
    com.yaya.sdk.config.SdkConfig mConfig -> b
    java.lang.String mAppId -> c
    com.yaya.sdk.account.auth.YayaAuth mYayaAuth -> d
    com.yaya.sdk.account.auth.ThirdAuth mThirdAuth -> e
    android.content.Context mContext -> f
    com.yaya.sdk.VideoTroopsRespondListener mResponseListener -> g
    com.yaya.sdk.room.RoomVoicer mRoomVoicer -> h
    com.yaya.sdk.ExceptionRecovery mExceptionRecovery -> i
    byte mMode -> j
    com.yaya.sdk.InitParams mInitParams -> k
    com.yaya.sdk.YayaRTV$MicDeadLineTask mLastMicDeadLineTask -> l
    android.os.Handler mLastMicHandler -> m
    void <init>() -> <init>
    com.yaya.sdk.RTV getInstance() -> getInstance
    com.yaya.sdk.VideoTroopsRespondListener getResponseListener() -> a
    void init(android.content.Context,java.lang.String,com.yaya.sdk.VideoTroopsRespondListener,com.yaya.sdk.RTV$Env,com.yaya.sdk.InitParams,com.yaya.sdk.RTV$Mode) -> init
    void init(android.content.Context,java.lang.String,com.yaya.sdk.VideoTroopsRespondListener,com.yaya.sdk.RTV$Env,com.yaya.sdk.RTV$Mode) -> init
    void setNetStateListener(com.yaya.sdk.YayaNetStateListener) -> setNetStateListener
    void destroy() -> destroy
    java.lang.String getSdkVersion() -> getSdkVersion
    java.lang.String getAppId() -> getAppId
    void loginBinding(java.lang.String,java.lang.String) -> loginBinding
    void thirdAuth(long,java.lang.String,java.lang.String,java.lang.String,java.lang.String) -> thirdAuth
    void login(java.lang.String) -> login
    void login(long,java.lang.String,java.lang.String) -> login
    void logout() -> logout
    void mic(java.lang.String,java.lang.String) -> mic
    void mic(java.lang.String) -> mic
    void micUp(java.lang.String) -> micUp
    void micUp() -> micUp
    void cancelLastMicDeadline() -> b
    void micUpWithLimit(long,java.lang.String) -> micUpWithLimit
    void micUpWithLimit(long) -> micUpWithLimit
    void micDown(java.lang.String) -> micDown
    void micDown() -> micDown
    void sendTextMessage(java.lang.String) -> sendTextMessage
    void sendTextMessage(java.lang.String,java.lang.String) -> sendTextMessage
    boolean setMessageFilter(com.yaya.sdk.MessageFilter) -> setMessageFilter
    void loadYayaLibrary(android.content.Context) -> a
    com.yaya.sdk.config.SdkConfig access$000(com.yaya.sdk.YayaRTV) -> a
    void access$100(com.yaya.sdk.YayaRTV,android.content.Context) -> a
    com.yaya.sdk.ExceptionRecovery access$202(com.yaya.sdk.YayaRTV,com.yaya.sdk.ExceptionRecovery) -> a
    com.yaya.sdk.account.auth.YayaAuth access$300(com.yaya.sdk.YayaRTV) -> b
    com.yaya.sdk.account.auth.ThirdAuth access$400(com.yaya.sdk.YayaRTV) -> c
    com.yaya.sdk.room.RoomVoicer access$700(com.yaya.sdk.YayaRTV) -> d
    com.yaya.sdk.VideoTroopsRespondListener access$800(com.yaya.sdk.YayaRTV) -> e
    android.content.Context access$900(com.yaya.sdk.YayaRTV) -> f
    java.lang.String access$1000(com.yaya.sdk.YayaRTV) -> g
    com.yaya.sdk.ExceptionRecovery access$200(com.yaya.sdk.YayaRTV) -> h
    com.yaya.sdk.room.RoomVoicer access$702(com.yaya.sdk.YayaRTV,com.yaya.sdk.room.RoomVoicer) -> a
    com.yaya.sdk.InitParams access$1200(com.yaya.sdk.YayaRTV) -> i
    byte access$1300(com.yaya.sdk.YayaRTV) -> j
com.yaya.sdk.YayaRTV$1 -> com.yaya.sdk.e:
    com.yaya.sdk.InitParams val$params -> a
    android.content.Context val$c -> b
    com.yaya.sdk.VideoTroopsRespondListener val$listener -> c
    com.yaya.sdk.YayaRTV this$0 -> d
    void <init>(com.yaya.sdk.YayaRTV,com.yaya.sdk.InitParams,android.content.Context,com.yaya.sdk.VideoTroopsRespondListener) -> <init>
    void run() -> run
com.yaya.sdk.YayaRTV$LocalAuthCallback -> com.yaya.sdk.YayaRTV$a:
    java.lang.String seq -> b
    com.yaya.sdk.YayaRTV this$0 -> a
    void <init>(com.yaya.sdk.YayaRTV,java.lang.String) -> <init>
    void onAuthSuccess() -> a
    void onAuthFailed(int,java.lang.String) -> a
com.yaya.sdk.YayaRTV$LocalGetTroopsCallback -> com.yaya.sdk.YayaRTV$b:
    com.yaya.sdk.YayaRTV this$0 -> a
    void <init>(com.yaya.sdk.YayaRTV) -> <init>
    void onGetTroopSuccess(java.lang.String,com.yaya.sdk.tlv.protocol.info.GetTroopsInfoResp) -> a
    void onGetTroopFail(int,java.lang.String) -> a
    void <init>(com.yaya.sdk.YayaRTV,com.yaya.sdk.YayaRTV$1) -> <init>
com.yaya.sdk.YayaRTV$LocalPlayCallback -> com.yaya.sdk.YayaRTV$c:
    int blockCount -> b
    android.os.Handler mYayaThreadHandler -> c
    com.yaya.sdk.YayaRTV this$0 -> a
    void <init>(com.yaya.sdk.YayaRTV) -> <init>
    void onVoiceMsgDispatch(long,java.lang.String,java.lang.String) -> a
    void onVoiceCacheBlocked() -> a
    void onSendResponseDispatch(long,java.lang.String) -> a
com.yaya.sdk.YayaRTV$LocalPlayCallback$1 -> com.yaya.sdk.f:
    java.lang.String val$troopsId -> a
    long val$yunvaId -> b
    java.lang.String val$expand -> c
    com.yaya.sdk.YayaRTV$LocalPlayCallback this$1 -> d
    void <init>(com.yaya.sdk.YayaRTV$LocalPlayCallback,java.lang.String,long,java.lang.String) -> <init>
    void run() -> run
com.yaya.sdk.YayaRTV$LocalPlayCallback$2 -> com.yaya.sdk.g:
    long val$code -> a
    java.lang.String val$msg -> b
    com.yaya.sdk.YayaRTV$LocalPlayCallback this$1 -> c
    void <init>(com.yaya.sdk.YayaRTV$LocalPlayCallback,long,java.lang.String) -> <init>
    void run() -> run
com.yaya.sdk.YayaRTV$LocalReconnectCallback -> com.yaya.sdk.YayaRTV$d:
    com.yaya.sdk.YayaRTV this$0 -> a
    void <init>(com.yaya.sdk.YayaRTV) -> <init>
    void onReconnectStart() -> a
    void onReconnectFail(int,java.lang.String) -> a
    void onReconnectSuccess() -> b
    void <init>(com.yaya.sdk.YayaRTV,com.yaya.sdk.YayaRTV$1) -> <init>
com.yaya.sdk.YayaRTV$LocalRoomVoicerWatchDog -> com.yaya.sdk.YayaRTV$e:
    java.lang.String seq -> c
    com.yaya.sdk.tlv.protocol.info.GetTroopsInfoResp troopsInfo -> d
    byte mode -> e
    boolean isRetryedEnterRoom -> a
    com.yaya.sdk.tcp.ResponseDispatcher mTextDispatcher -> f
    com.yaya.sdk.YayaRTV this$0 -> b
    void <init>(com.yaya.sdk.YayaRTV,java.lang.String,com.yaya.sdk.tlv.protocol.info.GetTroopsInfoResp,byte) -> <init>
    void enterRoomCallback(int,java.lang.Exception) -> a
    void quitRoomCallback(com.yaya.sdk.tlv.protocol.LogoutResp) -> a
    void micUpCallback(int,java.lang.Exception) -> b
    void micDownCallback(int,java.lang.Exception) -> c
    void sendTextMsgCallback(int,java.lang.Exception,java.lang.String) -> a
    void recordException(int) -> a
com.yaya.sdk.YayaRTV$MicDeadLineTask -> com.yaya.sdk.YayaRTV$f:
    java.lang.Object lock -> c
    boolean isCanceled -> a
    com.yaya.sdk.YayaRTV this$0 -> b
    void <init>(com.yaya.sdk.YayaRTV) -> <init>
    void cancel() -> a
    void run() -> run
    void <init>(com.yaya.sdk.YayaRTV,com.yaya.sdk.YayaRTV$1) -> <init>
com.yaya.sdk.account.AccountAuthCallback -> com.yaya.sdk.a.a:
    void onAuthSuccess() -> a
    void onAuthFailed(int,java.lang.String) -> a
com.yaya.sdk.account.AccountState -> com.yaya.sdk.a.b:
    boolean isAuthSuccess -> a
    java.lang.String tt -> b
    com.yaya.sdk.tlv.protocol.info.ThirdAuthResp thirdAuthResp -> c
    java.lang.String psswd -> d
    com.yaya.sdk.tlv.protocol.info.AuthResp authResp -> e
    com.yaya.sdk.account.AccountState instance_ -> f
    void <init>() -> <init>
    com.yaya.sdk.account.AccountState getInstance() -> a
    com.yaya.sdk.tlv.protocol.info.AuthResp getAuthResp() -> b
    com.yaya.sdk.tlv.protocol.info.ThirdAuthResp getThirdAuthResp() -> c
    java.lang.String getTt() -> d
    java.lang.String getPsswd() -> e
    boolean isAuthSuccess() -> f
    void setAuthResp(com.yaya.sdk.tlv.protocol.info.AuthResp,java.lang.String) -> a
    void setAuthResp(com.yaya.sdk.tlv.protocol.info.ThirdAuthResp,java.lang.String) -> a
    java.lang.Long getYunvaId() -> g
    java.lang.String getNickname() -> h
com.yaya.sdk.account.auth.ThirdAuth -> com.yaya.sdk.a.a.a:
    com.yaya.sdk.config.SdkConfig config -> a
    com.yaya.sdk.http.YayaRequestBuilder requestBuilder -> b
    okhttp3.Call mLastGmgcCall -> c
    okhttp3.Call mLastThirdAuthCall -> d
    void <init>(android.content.Context,java.lang.String,com.yaya.sdk.config.SdkConfig) -> <init>
    void auth(java.lang.String,com.yaya.sdk.account.AccountAuthCallback) -> a
    void requestGmgc(java.lang.String,com.yaya.sdk.account.AccountAuthCallback) -> b
    void thirdAuth(long,java.lang.String,java.lang.String,java.lang.String,com.yaya.sdk.account.AccountAuthCallback) -> a
    void thirdAuth(com.yaya.sdk.tlv.protocol.info.GetGmgcUserInfoResp,com.yaya.sdk.account.AccountAuthCallback) -> a
    void access$000(com.yaya.sdk.account.auth.ThirdAuth,com.yaya.sdk.tlv.protocol.info.GetGmgcUserInfoResp,com.yaya.sdk.account.AccountAuthCallback) -> a
com.yaya.sdk.account.auth.ThirdAuth$1 -> com.yaya.sdk.a.a.b:
    com.yaya.sdk.account.AccountAuthCallback val$callback -> a
    com.yaya.sdk.account.auth.ThirdAuth this$0 -> b
    void <init>(com.yaya.sdk.account.auth.ThirdAuth,com.yaya.sdk.account.AccountAuthCallback) -> <init>
    void onFailure(okhttp3.Call,java.io.IOException) -> onFailure
    void onResponse(okhttp3.Call,okhttp3.Response) -> onResponse
com.yaya.sdk.account.auth.ThirdAuth$2 -> com.yaya.sdk.a.a.c:
    com.yaya.sdk.account.AccountAuthCallback val$callback -> a
    java.lang.String val$tt -> b
    com.yaya.sdk.account.auth.ThirdAuth this$0 -> c
    void <init>(com.yaya.sdk.account.auth.ThirdAuth,com.yaya.sdk.account.AccountAuthCallback,java.lang.String) -> <init>
    void onFailure(okhttp3.Call,java.io.IOException) -> onFailure
    void onResponse(okhttp3.Call,okhttp3.Response) -> onResponse
com.yaya.sdk.account.auth.YayaAuth -> com.yaya.sdk.a.a.d:
    com.yaya.sdk.config.SdkConfig config -> a
    com.yaya.sdk.account.store.AccountStore accountStore -> b
    com.yaya.sdk.http.YayaRequestBuilder requestBuilder -> c
    okhttp3.Call mLastRegisterCall -> d
    okhttp3.Call mLastAuthCall -> e
    void <init>(android.content.Context,java.lang.String,com.yaya.sdk.config.SdkConfig) -> <init>
    void auth(com.yaya.sdk.account.AccountAuthCallback) -> a
    void auth(long,java.lang.String,com.yaya.sdk.account.AccountAuthCallback) -> a
    void register(com.yaya.sdk.account.AccountAuthCallback) -> b
    void auth(com.yaya.sdk.tlv.protocol.info.RegisterResp,com.yaya.sdk.account.AccountAuthCallback) -> a
    com.yaya.sdk.account.store.AccountStore access$000(com.yaya.sdk.account.auth.YayaAuth) -> a
    void access$100(com.yaya.sdk.account.auth.YayaAuth,com.yaya.sdk.tlv.protocol.info.RegisterResp,com.yaya.sdk.account.AccountAuthCallback) -> a
com.yaya.sdk.account.auth.YayaAuth$3 -> com.yaya.sdk.a.a.e:
    com.yaya.sdk.account.AccountAuthCallback val$callback -> a
    com.yaya.sdk.account.auth.YayaAuth this$0 -> b
    void <init>(com.yaya.sdk.account.auth.YayaAuth,com.yaya.sdk.account.AccountAuthCallback) -> <init>
    void onFailure(okhttp3.Call,java.io.IOException) -> onFailure
    void onResponse(okhttp3.Call,okhttp3.Response) -> onResponse
com.yaya.sdk.account.auth.YayaAuth$4 -> com.yaya.sdk.a.a.f:
    com.yaya.sdk.account.AccountAuthCallback val$callback -> a
    com.yaya.sdk.tlv.protocol.info.RegisterResp val$resp -> b
    com.yaya.sdk.account.auth.YayaAuth this$0 -> c
    void <init>(com.yaya.sdk.account.auth.YayaAuth,com.yaya.sdk.account.AccountAuthCallback,com.yaya.sdk.tlv.protocol.info.RegisterResp) -> <init>
    void onFailure(okhttp3.Call,java.io.IOException) -> onFailure
    void onResponse(okhttp3.Call,okhttp3.Response) -> onResponse
com.yaya.sdk.account.store.AccountStore -> com.yaya.sdk.a.b.a:
    java.lang.String[] getUserInfo() -> a
    void putUserInfo(java.lang.String[]) -> a
com.yaya.sdk.account.store.YayaAccountStore -> com.yaya.sdk.a.b.b:
    java.lang.String filePath -> a
    java.lang.String fileName -> b
    com.yaya.sdk.account.store.AccountStore with(com.yaya.sdk.config.SdkConfig) -> a
    void <init>(com.yaya.sdk.config.SdkConfig) -> <init>
    java.lang.String[] getUserInfo() -> a
    void putUserInfo(java.lang.String[]) -> a
    void checkNotNull(java.lang.String[]) -> b
com.yaya.sdk.audio.Amr2Pcm -> com.yaya.sdk.b.a:
    int mLoopCount -> a
    int[] consumeAndOutSize -> b
    byte[] tempAmr -> c
    short[] tempPcm -> d
    com.yaya.sdk.audio.Amr2Pcm$CodecListener mCodecListener -> e
    void <init>(com.yaya.sdk.audio.Amr2Pcm$CodecListener) -> <init>
    void openLib() -> a
    void closeLib() -> b
    void codec(byte[],long,java.lang.String,java.lang.String) -> a
com.yaya.sdk.audio.Amr2Pcm$CodecListener -> com.yaya.sdk.b.a$a:
    void onFinishCodec(short[],long,java.lang.String,java.lang.String) -> a
com.yaya.sdk.audio.Pcm2Amr -> com.yaya.sdk.b.b:
    byte[] mEncodeAmrBuf -> a
    byte[] mEncodePcmBuf -> b
    java.io.ByteArrayOutputStream mEncodeResultBuf -> c
    com.yaya.sdk.audio.Pcm2Amr$CodecListener mCodecListener -> d
    void <init>(com.yaya.sdk.audio.Pcm2Amr$CodecListener) -> <init>
    void openLib() -> a
    void closeLib() -> b
    void codec(byte[]) -> a
com.yaya.sdk.audio.Pcm2Amr$CodecListener -> com.yaya.sdk.b.b$a:
    void onFinishCodec(byte[]) -> a
com.yaya.sdk.audio.PlayManager -> com.yaya.sdk.b.c:
    com.yaya.sdk.audio.PlayManager instance -> a
    com.yaya.sdk.audio.core.AudioPlayTask mAudioPlayTask -> b
    java.util.concurrent.BlockingQueue mAudioCache -> c
    java.lang.Thread mAudioPlayThread -> d
    boolean isNativeOpen -> e
    com.yaya.sdk.audio.PlayManager getInstance() -> a
    void <init>() -> <init>
    void openLib() -> b
    void closeLib() -> c
    void destroy() -> d
    void startListenAndPlay(com.yaya.sdk.audio.VoiceMsgRespDispatcher$VoiceMsgDispatchCallback) -> a
    void stopListenAndPlay() -> e
    void reset() -> f
    boolean isPlaying() -> g
com.yaya.sdk.audio.RecordManager -> com.yaya.sdk.b.d:
    com.yaya.sdk.audio.RecordManager instance -> a
    java.lang.Thread mRecordThread -> b
    com.yaya.sdk.audio.core.AudioRecordTask mRecordTask -> c
    com.yaya.sdk.audio.Pcm2Amr pcm2Amr -> d
    boolean isRecording -> e
    com.yaya.sdk.tcp.core.TcpSignalBuilder mTcpSignalBuilder -> f
    java.lang.String mTroopsId -> g
    long mYunvaId -> h
    java.lang.String mExpand -> i
    com.yaya.sdk.config.SdkConfig mConfig -> j
    java.lang.String mAppId -> k
    com.yaya.sdk.audio.RecordManager$RecordExceptionHandler mRecordExceptionHandler -> l
    boolean isNativeOpen -> m
    com.yaya.sdk.audio.RecordManager getInstance() -> a
    void <init>() -> <init>
    void openLib() -> b
    void closeLib() -> c
    void destroy() -> d
    boolean isRecording() -> e
    void startRecord(long,java.lang.String,java.lang.String,java.lang.String,com.yaya.sdk.config.SdkConfig,com.yaya.sdk.audio.RecordManager$RecordExceptionHandler) -> a
    void stopRecord() -> f
    long access$200(com.yaya.sdk.audio.RecordManager) -> a
    java.lang.String access$300(com.yaya.sdk.audio.RecordManager) -> b
    java.lang.String access$400(com.yaya.sdk.audio.RecordManager) -> c
    com.yaya.sdk.tcp.core.TcpSignalBuilder access$500(com.yaya.sdk.audio.RecordManager) -> d
    com.yaya.sdk.audio.Pcm2Amr access$600(com.yaya.sdk.audio.RecordManager) -> e
    com.yaya.sdk.audio.RecordManager$RecordExceptionHandler access$700(com.yaya.sdk.audio.RecordManager) -> f
    boolean access$802(com.yaya.sdk.audio.RecordManager,boolean) -> a
com.yaya.sdk.audio.RecordManager$1 -> com.yaya.sdk.b.e:
com.yaya.sdk.audio.RecordManager$LocalAmrDataListener -> com.yaya.sdk.b.d$a:
    com.yaya.sdk.audio.RecordManager this$0 -> a
    void <init>(com.yaya.sdk.audio.RecordManager) -> <init>
    void onFinishCodec(byte[]) -> a
    void <init>(com.yaya.sdk.audio.RecordManager,com.yaya.sdk.audio.RecordManager$1) -> <init>
com.yaya.sdk.audio.RecordManager$LocalOnRecordListener -> com.yaya.sdk.b.d$b:
    com.yaya.sdk.audio.RecordManager this$0 -> a
    void <init>(com.yaya.sdk.audio.RecordManager) -> <init>
    void record(byte[]) -> a
    void recordUnavailable(int) -> a
    void recordFinish() -> a
    void recordStart() -> b
    void <init>(com.yaya.sdk.audio.RecordManager,com.yaya.sdk.audio.RecordManager$1) -> <init>
com.yaya.sdk.audio.RecordManager$RecordExceptionHandler -> com.yaya.sdk.b.d$c:
    void onRecordException(int) -> a
com.yaya.sdk.audio.VoiceMsgRespDispatcher -> com.yaya.sdk.b.f:
    java.lang.ref.Reference mDispatchCallback -> a
    java.util.concurrent.BlockingQueue mVoiceCache -> b
    com.yaya.sdk.audio.Amr2Pcm amr2Pcm -> c
    void <init>(java.util.concurrent.BlockingQueue,com.yaya.sdk.audio.VoiceMsgRespDispatcher$VoiceMsgDispatchCallback) -> <init>
    void dispatch(yaya.tlv.signal.TlvSignal) -> a
    java.util.concurrent.BlockingQueue access$100(com.yaya.sdk.audio.VoiceMsgRespDispatcher) -> a
    java.lang.ref.Reference access$200(com.yaya.sdk.audio.VoiceMsgRespDispatcher) -> b
com.yaya.sdk.audio.VoiceMsgRespDispatcher$1 -> com.yaya.sdk.b.g:
com.yaya.sdk.audio.VoiceMsgRespDispatcher$LocalCodecListener -> com.yaya.sdk.b.f$a:
    com.yaya.sdk.audio.VoiceMsgRespDispatcher this$0 -> a
    void <init>(com.yaya.sdk.audio.VoiceMsgRespDispatcher) -> <init>
    void onFinishCodec(short[],long,java.lang.String,java.lang.String) -> a
    void <init>(com.yaya.sdk.audio.VoiceMsgRespDispatcher,com.yaya.sdk.audio.VoiceMsgRespDispatcher$1) -> <init>
com.yaya.sdk.audio.VoiceMsgRespDispatcher$VoiceMsgDispatchCallback -> com.yaya.sdk.b.f$b:
    void onVoiceMsgDispatch(long,java.lang.String,java.lang.String) -> a
    void onVoiceCacheBlocked() -> a
    void onSendResponseDispatch(long,java.lang.String) -> a
com.yaya.sdk.audio.core.AudioPlayTask -> com.yaya.sdk.b.a.a:
    boolean isPlaying -> a
    int bufferSizeInBytes -> b
    com.yaya.sdk.audio.core.Echo echo -> c
    java.util.concurrent.BlockingQueue mAudioDataQueue -> d
    android.media.AudioTrack audioTrack -> e
    void <init>(java.util.concurrent.BlockingQueue) -> <init>
    void stop() -> a
    boolean isPlaying() -> b
    void initAudioTrack() -> c
    void run() -> run
com.yaya.sdk.audio.core.AudioRecordTask -> com.yaya.sdk.b.a.b:
    boolean isRecording -> a
    android.media.AudioRecord audioRecord -> b
    short[] readData -> c
    int bufferSizeInBytes -> d
    com.yaya.sdk.audio.core.Echo echo -> e
    short[] echoData -> f
    boolean echoResult -> g
    com.yaya.sdk.audio.core.OnRecordListener onRecordListener -> h
    void <init>(com.yaya.sdk.audio.core.OnRecordListener) -> <init>
    void initAudioRecord() -> c
    void stopRecording() -> a
    boolean isRecording() -> b
    void run() -> run
com.yaya.sdk.audio.core.AudioWebrtcTool -> com.yaya.sdk.b.a.c:
    java.lang.Object ECHO_LOCK -> a
    com.yaya.sdk.audio.core.WebrtcEcho m_ec -> b
    void echoServiceCreart(int) -> a
    void <clinit>() -> <clinit>
com.yaya.sdk.audio.core.Echo -> com.yaya.sdk.b.a.d:
    void echoReset() -> a
    void echoFarData(short[]) -> a
    java.lang.Boolean echoCancel(short[],short[],boolean) -> a
com.yaya.sdk.audio.core.Func -> com.yaya.sdk.b.a.e:
    byte[] shortArray2ByteArray(short[]) -> a
com.yaya.sdk.audio.core.OnRecordListener -> com.yaya.sdk.b.a.f:
    void record(byte[]) -> a
    void recordUnavailable(int) -> a
    void recordFinish() -> a
    void recordStart() -> b
com.yaya.sdk.audio.core.WebrtcEcho -> com.yaya.sdk.b.a.g:
    java.lang.Object object -> b
    short[] farData -> c
    java.util.LinkedList echoLinkedList -> a
    int count -> d
    short[] dstData -> e
    int echoFlag -> f
    void <init>() -> <init>
    void echoCreate(int) -> a
    void echoReset() -> a
    void echoFarData(short[]) -> a
    java.lang.Boolean echoCancelProcess(short[],short[],short[],int) -> a
    java.lang.Boolean echoCancel(short[],short[],boolean) -> a
com.yaya.sdk.config.ConfigFactory -> com.yaya.sdk.c.a:
    com.yaya.sdk.config.SdkConfig buildConfig(android.content.Context,com.yaya.sdk.RTV$Env) -> a
com.yaya.sdk.config.EnvironmentSdkConfig -> com.yaya.sdk.c.b:
    com.yaya.sdk.RTV$Env mEnv -> a
    android.content.Context mContext -> b
    void <init>(android.content.Context,com.yaya.sdk.RTV$Env) -> <init>
    java.lang.String getAccessServer() -> a
    java.lang.String getAccessInfoPath() -> b
    java.lang.String getAccessInfoFileName() -> c
    java.lang.String getSdkAppId() -> d
    java.lang.String getSdkVersion() -> e
com.yaya.sdk.config.SdkConfig -> com.yaya.sdk.c.c:
    java.lang.String getAccessServer() -> a
    java.lang.String getAccessInfoPath() -> b
    java.lang.String getAccessInfoFileName() -> c
    java.lang.String getSdkAppId() -> d
    java.lang.String getSdkVersion() -> e
com.yaya.sdk.http.DnsPolicyInterceptor -> com.yaya.sdk.d.a:
    com.yaya.sdk.http.dns.DNSCache mDnsCache -> a
    okhttp3.Interceptor create(com.yaya.sdk.http.dns.DNSCache) -> a
    void <init>(com.yaya.sdk.http.dns.DNSCache) -> <init>
    okhttp3.Response intercept(okhttp3.Interceptor$Chain) -> intercept
    java.lang.String replaceIp(java.lang.String,java.lang.String,java.lang.String) -> a
    java.lang.String getIpByHost(java.lang.String) -> a
    boolean checkIsIpv4(java.lang.String) -> b
com.yaya.sdk.http.YayaHttp -> com.yaya.sdk.d.b:
    com.yaya.sdk.http.YayaHttp instance_ -> a
    okhttp3.OkHttpClient okHttpClient -> b
    com.yaya.sdk.http.YayaHttp getInstance() -> a
    void <init>() -> <init>
    void init(android.content.Context,java.lang.Long,java.lang.Boolean) -> a
    okhttp3.OkHttpClient getOkHttp() -> b
    void enqueueWithRetryPolicy(okhttp3.Call,okhttp3.Callback) -> a
    okhttp3.OkHttpClient access$000(com.yaya.sdk.http.YayaHttp) -> a
com.yaya.sdk.http.YayaHttp$1 -> com.yaya.sdk.d.c:
    okhttp3.Callback val$callback -> a
    com.yaya.sdk.http.YayaHttp this$0 -> b
    void <init>(com.yaya.sdk.http.YayaHttp,okhttp3.Callback) -> <init>
    void onFailure(okhttp3.Call,java.io.IOException) -> onFailure
    void onResponse(okhttp3.Call,okhttp3.Response) -> onResponse
com.yaya.sdk.http.YayaRequestBuilder -> com.yaya.sdk.d.d:
    java.util.concurrent.atomic.AtomicLong reqSeq -> a
    com.yaya.sdk.config.SdkConfig mConfig -> b
    android.content.Context mContext -> c
    yaya.tlv.TlvStore mTlvStore -> d
    java.lang.String mAppId -> e
    void <init>(com.yaya.sdk.config.SdkConfig,java.lang.String,android.content.Context) -> <init>
    com.yaya.sdk.http.YayaRequestBuilder with(android.content.Context,java.lang.String,com.yaya.sdk.config.SdkConfig) -> a
    okhttp3.Request buildGmgcRequest(java.lang.String) -> a
    okhttp3.Request buildThirdAuthRequest(long,java.lang.String,java.lang.String,java.lang.String) -> a
    okhttp3.Request buildRegisterRequest() -> a
    okhttp3.Request buildAuthRequest(com.yaya.sdk.tlv.protocol.info.RegisterResp) -> a
    okhttp3.Request buildTroopRequest(java.lang.String) -> b
    okhttp3.Request buildTLVReq(yaya.tlv.signal.TlvSignal,boolean) -> a
    void <clinit>() -> <clinit>
com.yaya.sdk.http.YayaResponseDecoder -> com.yaya.sdk.d.e:
    com.yaya.sdk.tlv.protocol.info.GetGmgcUserInfoResp decodeGmgc(okhttp3.Response) -> a
    com.yaya.sdk.tlv.protocol.info.ThirdAuthResp decode3Auth(okhttp3.Response) -> b
    com.yaya.sdk.tlv.protocol.info.RegisterResp decodeRegister(okhttp3.Response) -> c
    com.yaya.sdk.tlv.protocol.info.AuthResp decodeAuth(okhttp3.Response) -> d
    com.yaya.sdk.tlv.protocol.info.GetTroopsInfoResp decodeTroopInfo(okhttp3.Response) -> e
    yaya.tlv.signal.TlvSignal decode(okhttp3.Response) -> f
    yaya.tlv.signal.TlvSignal parseResponse(com.yaya.sdk.http.YayaResponseDecoder$ResponseEntity) -> a
    com.yaya.sdk.http.YayaResponseDecoder$ResponseEntity collectInfo(okhttp3.Response) -> g
com.yaya.sdk.http.YayaResponseDecoder$1 -> com.yaya.sdk.d.f:
com.yaya.sdk.http.YayaResponseDecoder$ResponseEntity -> com.yaya.sdk.d.e$a:
    byte[] responseBody -> a
    java.lang.Integer moduleId -> b
    java.lang.Integer msgCode -> c
    java.lang.Long seqNum -> d
    void <init>() -> <init>
    boolean isNotNull() -> a
    void <init>(com.yaya.sdk.http.YayaResponseDecoder$1) -> <init>
com.yaya.sdk.http.dns.DNSCache -> com.yaya.sdk.d.a.a:
    java.lang.String getIpByHost(java.lang.String) -> a
    void saveHostAndIp(java.lang.String,java.lang.String) -> a
    void removeHost(java.lang.String) -> b
com.yaya.sdk.http.dns.DnsLoader -> com.yaya.sdk.d.a.b:
    long INIT_DNS_TIMEOUT -> d
    java.util.Map systemDefMap -> e
    com.yaya.sdk.http.dns.DNSCache mDNSCache -> a
    java.util.Map mCustomDnsMap -> b
    long mResolveTimeout -> c
    void <init>(android.content.Context,java.util.Map,java.lang.Long) -> <init>
    void loadDnsBackground(java.lang.String) -> a
    java.lang.String syncResolveDns(java.lang.String) -> d
    java.util.concurrent.FutureTask asyncResolveDns(java.lang.String) -> e
    void useDefaultDnsMap(java.lang.String) -> f
    java.lang.String access$000(java.lang.String) -> b
    java.util.concurrent.FutureTask access$100(java.lang.String) -> c
    void access$200(com.yaya.sdk.http.dns.DnsLoader,java.lang.String) -> a
    void <clinit>() -> <clinit>
com.yaya.sdk.http.dns.DnsLoader$1 -> com.yaya.sdk.d.a.c:
    java.lang.String val$host -> a
    void <init>(java.lang.String) -> <init>
    java.lang.String call() -> a
    java.lang.Object call() -> call
com.yaya.sdk.http.dns.DnsLoader$ResolveDnsTask -> com.yaya.sdk.d.a.b$a:
    java.lang.String host -> a
    com.yaya.sdk.http.dns.DnsLoader this$0 -> b
    void <init>(com.yaya.sdk.http.dns.DnsLoader,java.lang.String) -> <init>
    void run() -> run
com.yaya.sdk.http.dns.PrefDNSCache -> com.yaya.sdk.d.a.d:
    android.content.SharedPreferences mPref -> a
    com.yaya.sdk.http.dns.DNSCache from(android.content.Context) -> a
    void <init>(android.content.Context) -> <init>
    java.lang.String getIpByHost(java.lang.String) -> a
    void saveHostAndIp(java.lang.String,java.lang.String) -> a
    void removeHost(java.lang.String) -> b
com.yaya.sdk.room.RoomTicket -> com.yaya.sdk.e.a:
    com.yaya.sdk.tlv.protocol.info.GetTroopsInfoResp troopsInfo -> a
    byte mode -> b
    java.lang.String seq -> c
    boolean isUsed -> d
    java.lang.String expandForVoice -> e
    void <init>(com.yaya.sdk.tlv.protocol.info.GetTroopsInfoResp,byte,java.lang.String) -> <init>
    byte getMode() -> a
    com.yaya.sdk.tlv.protocol.info.GetTroopsInfoResp getTroopsInfo() -> b
    void setExpandForVoice(java.lang.String) -> a
    java.lang.String getSeq() -> c
    void setUsed() -> d
    boolean isUsed() -> e
    java.lang.String getExpandForVoice() -> f
com.yaya.sdk.room.RoomVoicer -> com.yaya.sdk.e.b:
    java.lang.String mAppId -> a
    com.yaya.sdk.config.SdkConfig mConfig -> b
    long yunvaId -> c
    java.lang.String nickname -> d
    com.yaya.sdk.room.RoomVoicerWatchDog mRoomVoicerWatchDog -> e
    long loginTimeout -> f
    long micUpTimeout -> g
    long micDownTimeout -> h
    long logoutTimeout -> i
    long modeSetTimeout -> j
    boolean isInRoom -> k
    boolean isMicUp -> l
    com.yaya.sdk.room.RoomTicket mTicket -> m
    void <init>(java.lang.String,com.yaya.sdk.config.SdkConfig,long,java.lang.String,com.yaya.sdk.InitParams) -> <init>
    void setWatchDog(com.yaya.sdk.room.RoomVoicerWatchDog) -> a
    void setExpandForVoice(java.lang.String) -> a
    void enterRoom(com.yaya.sdk.room.RoomTicket) -> a
    com.yaya.sdk.room.RoomTicket getTicket() -> a
    void sendTextMsg(java.lang.String,java.lang.String) -> a
    void requestMicUp() -> b
    void requestMicDown() -> c
    boolean isMicUp() -> d
    void quitRoom() -> e
    boolean isInRoom() -> f
    void enterRoomSuccess(com.yaya.sdk.room.RoomTicket) -> b
    void enterRoomFail(int,java.lang.Exception) -> a
    com.yaya.sdk.room.RoomVoicerWatchDog access$000(com.yaya.sdk.room.RoomVoicer) -> a
    com.yaya.sdk.room.RoomTicket access$100(com.yaya.sdk.room.RoomVoicer) -> b
    boolean access$202(com.yaya.sdk.room.RoomVoicer,boolean) -> a
    long access$300(com.yaya.sdk.room.RoomVoicer) -> c
    java.lang.String access$400(com.yaya.sdk.room.RoomVoicer) -> d
    com.yaya.sdk.config.SdkConfig access$500(com.yaya.sdk.room.RoomVoicer) -> e
    void access$700(com.yaya.sdk.room.RoomVoicer,int,java.lang.Exception) -> a
    void access$800(com.yaya.sdk.room.RoomVoicer,com.yaya.sdk.room.RoomTicket) -> a
    java.lang.String access$900(com.yaya.sdk.room.RoomVoicer) -> f
    long access$1000(com.yaya.sdk.room.RoomVoicer) -> g
com.yaya.sdk.room.RoomVoicer$1 -> com.yaya.sdk.e.c:
    java.lang.String val$expand -> a
    com.yaya.sdk.room.RoomVoicer this$0 -> b
    void <init>(com.yaya.sdk.room.RoomVoicer,java.lang.String) -> <init>
    void onTcpResponse(yaya.tlv.signal.TlvSignal,yaya.tlv.signal.TlvSignal) -> a
com.yaya.sdk.room.RoomVoicer$2 -> com.yaya.sdk.e.d:
    com.yaya.sdk.room.RoomVoicer this$0 -> a
    void <init>(com.yaya.sdk.room.RoomVoicer) -> <init>
    void onSignalTimeout(yaya.tlv.signal.TlvSignal) -> a
com.yaya.sdk.room.RoomVoicer$3 -> com.yaya.sdk.e.e:
    com.yaya.sdk.room.RoomVoicer this$0 -> a
    void <init>(com.yaya.sdk.room.RoomVoicer) -> <init>
    void onTcpResponse(yaya.tlv.signal.TlvSignal,yaya.tlv.signal.TlvSignal) -> a
com.yaya.sdk.room.RoomVoicer$3$1 -> com.yaya.sdk.e.f:
    com.yaya.sdk.room.RoomVoicer$3 this$1 -> a
    void <init>(com.yaya.sdk.room.RoomVoicer$3) -> <init>
    void onRecordException(int) -> a
com.yaya.sdk.room.RoomVoicer$4 -> com.yaya.sdk.e.g:
    com.yaya.sdk.room.RoomVoicer this$0 -> a
    void <init>(com.yaya.sdk.room.RoomVoicer) -> <init>
    void onSignalTimeout(yaya.tlv.signal.TlvSignal) -> a
com.yaya.sdk.room.RoomVoicer$5 -> com.yaya.sdk.e.h:
    com.yaya.sdk.room.RoomVoicer this$0 -> a
    void <init>(com.yaya.sdk.room.RoomVoicer) -> <init>
    void onTcpResponse(yaya.tlv.signal.TlvSignal,yaya.tlv.signal.TlvSignal) -> a
com.yaya.sdk.room.RoomVoicer$VoicerLoginCallback -> com.yaya.sdk.e.b$a:
    long startLoginTime -> a
    com.yaya.sdk.room.RoomTicket ticket -> b
    com.yaya.sdk.room.RoomVoicer this$0 -> c
    void <init>(com.yaya.sdk.room.RoomVoicer,long,com.yaya.sdk.room.RoomTicket) -> <init>
    void onTcpResponse(yaya.tlv.signal.TlvSignal,yaya.tlv.signal.TlvSignal) -> a
    void onSignalTimeout(yaya.tlv.signal.TlvSignal) -> a
com.yaya.sdk.room.RoomVoicer$VoicerLoginCallback$1 -> com.yaya.sdk.e.i:
    com.yaya.sdk.room.RoomVoicer$VoicerLoginCallback this$1 -> a
    void <init>(com.yaya.sdk.room.RoomVoicer$VoicerLoginCallback) -> <init>
    void onTcpResponse(yaya.tlv.signal.TlvSignal,yaya.tlv.signal.TlvSignal) -> a
com.yaya.sdk.room.RoomVoicer$VoicerLoginCallback$2 -> com.yaya.sdk.e.j:
    com.yaya.sdk.room.RoomVoicer$VoicerLoginCallback this$1 -> a
    void <init>(com.yaya.sdk.room.RoomVoicer$VoicerLoginCallback) -> <init>
    void onSignalTimeout(yaya.tlv.signal.TlvSignal) -> a
com.yaya.sdk.room.RoomVoicer$VoicerLogoutCallback -> com.yaya.sdk.e.b$b:
    com.yaya.sdk.room.RoomVoicer this$0 -> a
    void <init>(com.yaya.sdk.room.RoomVoicer) -> <init>
    void onTcpResponse(yaya.tlv.signal.TlvSignal,yaya.tlv.signal.TlvSignal) -> a
    void onSignalTimeout(yaya.tlv.signal.TlvSignal) -> a
    void doQuitRoom(com.yaya.sdk.tlv.protocol.LogoutResp) -> a
    void <init>(com.yaya.sdk.room.RoomVoicer,com.yaya.sdk.room.RoomVoicer$1) -> <init>
com.yaya.sdk.room.RoomVoicerWatchDog -> com.yaya.sdk.e.k:
    void enterRoomCallback(int,java.lang.Exception) -> a
    void quitRoomCallback(com.yaya.sdk.tlv.protocol.LogoutResp) -> a
    void micUpCallback(int,java.lang.Exception) -> b
    void micDownCallback(int,java.lang.Exception) -> c
    void sendTextMsgCallback(int,java.lang.Exception,java.lang.String) -> a
    void recordException(int) -> a
com.yaya.sdk.room.troop.GetTroopCallback -> com.yaya.sdk.e.a.a:
    void onGetTroopSuccess(java.lang.String,com.yaya.sdk.tlv.protocol.info.GetTroopsInfoResp) -> a
    void onGetTroopFail(int,java.lang.String) -> a
com.yaya.sdk.room.troop.ITroops -> com.yaya.sdk.e.a.b:
    void getTroopsInfo(java.lang.String,java.lang.String,com.yaya.sdk.room.troop.GetTroopCallback) -> a
com.yaya.sdk.room.troop.Troops -> com.yaya.sdk.e.a.c:
    com.yaya.sdk.config.SdkConfig config -> a
    okhttp3.Call mLastCall -> b
    com.yaya.sdk.http.YayaRequestBuilder requestBuilder -> c
    com.yaya.sdk.room.troop.ITroops with(android.content.Context,java.lang.String,com.yaya.sdk.config.SdkConfig) -> a
    void <init>(android.content.Context,java.lang.String,com.yaya.sdk.config.SdkConfig) -> <init>
    void getTroopsInfo(java.lang.String,java.lang.String,com.yaya.sdk.room.troop.GetTroopCallback) -> a
com.yaya.sdk.room.troop.Troops$1 -> com.yaya.sdk.e.a.d:
    com.yaya.sdk.room.troop.GetTroopCallback val$callback -> a
    java.lang.String val$seq -> b
    com.yaya.sdk.room.troop.Troops this$0 -> c
    void <init>(com.yaya.sdk.room.troop.Troops,com.yaya.sdk.room.troop.GetTroopCallback,java.lang.String) -> <init>
    void onFailure(okhttp3.Call,java.io.IOException) -> onFailure
    void onResponse(okhttp3.Call,okhttp3.Response) -> onResponse
com.yaya.sdk.tcp.ITcp -> com.yaya.sdk.f.a:
    void open() -> a
    void setMessageFilter(com.yaya.sdk.MessageFilter) -> a
    void close() -> b
    android.os.Looper getYayaThreadLooper() -> c
    com.yaya.sdk.tcp.ITcpConnection getConnection() -> d
    long sendAndListen(com.yaya.sdk.tcp.core.TcpRequest) -> a
    long sendAndListen(com.yaya.sdk.tcp.core.TcpRequest,long) -> a
    void cancelAllRequest() -> e
    void registerExceptionHandler(com.yaya.sdk.tcp.TcpExceptionHandler) -> a
    void unregisterExceptionHandler(com.yaya.sdk.tcp.TcpExceptionHandler) -> b
    void registerSignalDispatcher(java.lang.Class,com.yaya.sdk.tcp.ResponseDispatcher) -> a
    void unregisterSignalDispatcher(java.lang.Class) -> a
com.yaya.sdk.tcp.ITcpConnection -> com.yaya.sdk.f.b:
    void connect(java.net.SocketAddress) -> a
    void disconnect() -> a
    boolean isConnected() -> b
    void write(yaya.tlv.signal.TlvSignal) -> a
    void setHeartBeatCallback(com.yaya.sdk.YayaNetStateListener) -> a
com.yaya.sdk.tcp.ResponseDispatcher -> com.yaya.sdk.f.c:
    void dispatch(yaya.tlv.signal.TlvSignal) -> a
com.yaya.sdk.tcp.SeqUtil -> com.yaya.sdk.f.d:
    java.util.concurrent.atomic.AtomicLong atomicLong -> a
    long newSeq() -> a
    void <clinit>() -> <clinit>
com.yaya.sdk.tcp.TcpExceptionHandler -> com.yaya.sdk.f.e:
    void onTcpException(int,java.lang.Exception) -> b
com.yaya.sdk.tcp.TcpResponseCallback -> com.yaya.sdk.f.f:
    void onTcpResponse(yaya.tlv.signal.TlvSignal,yaya.tlv.signal.TlvSignal) -> a
com.yaya.sdk.tcp.TcpTimeoutCallback -> com.yaya.sdk.f.g:
    void onSignalTimeout(yaya.tlv.signal.TlvSignal) -> a
com.yaya.sdk.tcp.core.EmptyTcpResponseCallback -> com.yaya.sdk.f.a.a:
    com.yaya.sdk.tcp.TcpResponseCallback Singleton -> a
    void <init>() -> <init>
    void onTcpResponse(yaya.tlv.signal.TlvSignal,yaya.tlv.signal.TlvSignal) -> a
    void <clinit>() -> <clinit>
com.yaya.sdk.tcp.core.EmptyTcpTimeoutCallback -> com.yaya.sdk.f.a.b:
    com.yaya.sdk.tcp.TcpTimeoutCallback Singleton -> a
    void <init>() -> <init>
    void onSignalTimeout(yaya.tlv.signal.TlvSignal) -> a
    void <clinit>() -> <clinit>
com.yaya.sdk.tcp.core.HeartBeatCallback -> com.yaya.sdk.f.a.c:
    void onWaitHeartBeatResponseTimeout() -> a
    void onHeartBeatResponse(long,long) -> a
com.yaya.sdk.tcp.core.ReadThread -> com.yaya.sdk.f.a.d:
    java.nio.channels.Selector mSelector -> b
    java.nio.ByteBuffer mReadBuffer -> c
    java.nio.ByteBuffer mWriteBuffer -> d
    java.nio.channels.SocketChannel mSocketChannel -> e
    java.nio.channels.SelectionKey mSelectionKey -> f
    boolean isRun -> g
    int emptySelects -> h
    boolean mBufferPositionFix -> a
    yaya.tlv.header.TlvAccessHeader mHeader -> i
    java.lang.Object mWriteLock -> j
    com.yaya.sdk.tcp.TcpExceptionHandler mExceptionHandler -> k
    com.yaya.sdk.tcp.ResponseDispatcher mResponseDispatcher -> l
    void <init>(java.nio.channels.SocketChannel,java.nio.channels.Selector,java.nio.channels.SelectionKey,int,int,com.yaya.sdk.tcp.ResponseDispatcher,com.yaya.sdk.tcp.TcpExceptionHandler) -> <init>
    void quitSafely() -> a
    boolean isRunning() -> b
    void send(byte[]) -> a
    void run() -> run
    void dispatchSignal(yaya.tlv.signal.TlvSignal) -> a
    boolean writeToSocket() -> c
    void writeOperations() -> d
    yaya.tlv.signal.TlvSignal read(java.nio.channels.SocketChannel) -> a
    void handleException(int,java.lang.Exception) -> a
com.yaya.sdk.tcp.core.RtcHeart -> com.yaya.sdk.f.a.e:
    yaya.tlv.signal.TlvSignal heartBeatSignalBody -> a
    yaya.tlv.header.TlvAccessHeader heartBeatReqHeader -> b
    com.yaya.sdk.tcp.core.RtcHeart$HeartBeatHandler mHandler -> c
    java.lang.ref.Reference mHeartBeatCallback -> d
    void <init>(com.yaya.sdk.tcp.core.HeartBeatCallback) -> <init>
    void startBeat(android.os.Looper) -> a
    void stopBeat() -> a
    void sendHeartBeat() -> b
    java.lang.ref.Reference access$000(com.yaya.sdk.tcp.core.RtcHeart) -> a
    void access$100(com.yaya.sdk.tcp.core.RtcHeart) -> b
com.yaya.sdk.tcp.core.RtcHeart$HeartBeatHandler -> com.yaya.sdk.f.a.e$a:
    java.lang.ref.Reference self -> a
    void <init>(android.os.Looper,com.yaya.sdk.tcp.core.RtcHeart) -> <init>
    void handleMessage(android.os.Message) -> handleMessage
    void start() -> a
    void stop() -> b
com.yaya.sdk.tcp.core.RtcHeart$LocalTcpHeartBeatListener -> com.yaya.sdk.f.a.e$b:
    long sendTime -> a
    com.yaya.sdk.tcp.core.RtcHeart this$0 -> b
    void <init>(com.yaya.sdk.tcp.core.RtcHeart,long) -> <init>
    void onTcpResponse(yaya.tlv.signal.TlvSignal,yaya.tlv.signal.TlvSignal) -> a
    void onSignalTimeout(yaya.tlv.signal.TlvSignal) -> a
com.yaya.sdk.tcp.core.TcpConnection -> com.yaya.sdk.f.a.f:
    int mObjectBufferSize -> a
    int mWriteBufferSize -> b
    java.nio.channels.SocketChannel mSocketChannel -> c
    java.nio.channels.SelectionKey mSelectionKey -> d
    com.yaya.sdk.tcp.core.ReadThread mReadThread -> e
    com.yaya.sdk.tcp.TcpExceptionHandler mTcpExceptionHandler -> f
    com.yaya.sdk.tcp.ResponseDispatcher mRespDispatcher -> g
    java.nio.channels.Selector mSelector -> h
    com.yaya.sdk.tcp.core.RtcHeart mRtcHeart -> i
    java.lang.ref.Reference outHeartBeatCallback -> j
    void <init>(com.yaya.sdk.tcp.ResponseDispatcher,com.yaya.sdk.tcp.TcpExceptionHandler) -> <init>
    void connect(java.net.SocketAddress) -> a
    void disconnect() -> a
    boolean isConnected() -> b
    void write(byte[]) -> a
    void write(yaya.tlv.signal.TlvSignal) -> a
    void setHeartBeatCallback(com.yaya.sdk.YayaNetStateListener) -> a
    com.yaya.sdk.tcp.core.HeartBeatCallback getHeartBeatCallback() -> c
    com.yaya.sdk.tcp.TcpExceptionHandler access$000(com.yaya.sdk.tcp.core.TcpConnection) -> a
    java.lang.ref.Reference access$100(com.yaya.sdk.tcp.core.TcpConnection) -> b
    void <clinit>() -> <clinit>
com.yaya.sdk.tcp.core.TcpConnection$1 -> com.yaya.sdk.f.a.g:
    com.yaya.sdk.tcp.core.TcpConnection this$0 -> a
    void <init>(com.yaya.sdk.tcp.core.TcpConnection) -> <init>
    void onWaitHeartBeatResponseTimeout() -> a
    void onHeartBeatResponse(long,long) -> a
com.yaya.sdk.tcp.core.TcpRequest -> com.yaya.sdk.f.a.h:
    long seqNum -> a
    yaya.tlv.signal.TlvSignal mTlvSignal -> b
    com.yaya.sdk.tcp.TcpResponseCallback mResponseCallback -> c
    com.yaya.sdk.tcp.TcpTimeoutCallback mTimeoutCallback -> d
    void <init>(yaya.tlv.signal.TlvSignal) -> <init>
    yaya.tlv.signal.TlvSignal getTlvSignal() -> a
    long getSeqNum() -> b
    void setTcpResponseCallback(com.yaya.sdk.tcp.TcpResponseCallback) -> a
    void setTcpTimoutCallback(com.yaya.sdk.tcp.TcpTimeoutCallback) -> a
    com.yaya.sdk.tcp.TcpResponseCallback getTcpResponseCallback() -> c
    com.yaya.sdk.tcp.TcpTimeoutCallback getTcpTimeoutCallback() -> d
com.yaya.sdk.tcp.core.TcpSignalBuilder -> com.yaya.sdk.f.a.i:
    java.lang.String mAppId -> a
    com.yaya.sdk.config.SdkConfig mConfig -> b
    void <init>(java.lang.String,com.yaya.sdk.config.SdkConfig) -> <init>
    com.yaya.sdk.tcp.core.TcpSignalBuilder with(java.lang.String,com.yaya.sdk.config.SdkConfig) -> a
    com.yaya.sdk.tlv.protocol.message.VoiceMessageReq buildVoiceMsgReq(byte[],long,java.lang.String,java.lang.String) -> a
    com.yaya.sdk.tlv.protocol.LoginReq buildLoginReq(long,java.lang.String,java.lang.String,java.lang.String) -> a
    com.yaya.sdk.tlv.protocol.MicReq buildMicReq(long,java.lang.String,java.lang.String) -> a
    com.yaya.sdk.tlv.protocol.ModeSettingReq buildModeSetReq(byte,byte,long,java.lang.String) -> a
    com.yaya.sdk.tlv.protocol.LogoutReq buildLogoutReq(java.lang.String,long) -> a
    com.yaya.sdk.tlv.protocol.message.TextMessageReq buildTextMsgReq(java.lang.String,long,java.lang.String,java.lang.String) -> a
    void addHeader(yaya.tlv.signal.TlvSignal) -> a
com.yaya.sdk.tcp.core.UnknownSignalException -> com.yaya.sdk.f.a.j:
    void <init>() -> <init>
    void <init>(java.lang.String) -> <init>
com.yaya.sdk.tcp.core.YayaTcp -> com.yaya.sdk.f.a.k:
    com.yaya.sdk.tcp.core.YayaTcp instance -> a
    com.yaya.sdk.tcp.core.TcpConnection mTcpConnection -> b
    com.yaya.sdk.tcp.TcpExceptionHandler mTcpExceptionHandler -> c
    com.yaya.sdk.tcp.core.YayaThreadManager mYayaThreadManager -> d
    com.yaya.sdk.tcp.core.YayaTcp$LocalHandler mHandler -> e
    java.util.concurrent.ConcurrentHashMap mInflightRequests -> f
    java.util.Map mCustomDispatchers -> g
    java.lang.Object dispatcherListLock -> h
    java.util.List mTcpExceptionHandlerList -> i
    java.lang.Object exceptionHandlerListLock -> j
    com.yaya.sdk.MessageFilter mMessageFilter -> k
    com.yaya.sdk.tcp.ITcp getInstance() -> f
    void <init>() -> <init>
    void open() -> a
    void setMessageFilter(com.yaya.sdk.MessageFilter) -> a
    void close() -> b
    android.os.Looper getYayaThreadLooper() -> c
    com.yaya.sdk.tcp.ITcpConnection getConnection() -> d
    long sendAndListen(com.yaya.sdk.tcp.core.TcpRequest) -> a
    long sendAndListen(com.yaya.sdk.tcp.core.TcpRequest,long) -> a
    void cancelAllRequest() -> e
    void registerExceptionHandler(com.yaya.sdk.tcp.TcpExceptionHandler) -> a
    void unregisterExceptionHandler(com.yaya.sdk.tcp.TcpExceptionHandler) -> b
    void registerSignalDispatcher(java.lang.Class,com.yaya.sdk.tcp.ResponseDispatcher) -> a
    void unregisterSignalDispatcher(java.lang.Class) -> a
    com.yaya.sdk.tcp.ResponseDispatcher getResponseDispatcher() -> g
    com.yaya.sdk.tcp.TcpExceptionHandler getTcpExceptionHandler() -> h
    void defaultDispatchResponse(yaya.tlv.signal.TlvSignal) -> a
    com.yaya.sdk.tcp.core.TcpConnection access$000(com.yaya.sdk.tcp.core.YayaTcp) -> a
    java.lang.Object access$100(com.yaya.sdk.tcp.core.YayaTcp) -> b
    com.yaya.sdk.MessageFilter access$200(com.yaya.sdk.tcp.core.YayaTcp) -> c
    java.util.Map access$300(com.yaya.sdk.tcp.core.YayaTcp) -> d
    com.yaya.sdk.tcp.TcpExceptionHandler access$400(com.yaya.sdk.tcp.core.YayaTcp) -> e
    void access$500(com.yaya.sdk.tcp.core.YayaTcp,yaya.tlv.signal.TlvSignal) -> a
    java.lang.Object access$600(com.yaya.sdk.tcp.core.YayaTcp) -> f
    java.util.List access$700(com.yaya.sdk.tcp.core.YayaTcp) -> g
    com.yaya.sdk.tcp.core.YayaTcp$LocalHandler access$800(com.yaya.sdk.tcp.core.YayaTcp) -> h
    java.util.concurrent.ConcurrentHashMap access$900(com.yaya.sdk.tcp.core.YayaTcp) -> i
com.yaya.sdk.tcp.core.YayaTcp$1 -> com.yaya.sdk.f.a.l:
    com.yaya.sdk.tcp.core.TcpRequest val$request -> a
    com.yaya.sdk.tcp.core.YayaTcp this$0 -> b
    void <init>(com.yaya.sdk.tcp.core.YayaTcp,com.yaya.sdk.tcp.core.TcpRequest) -> <init>
    void run() -> run
com.yaya.sdk.tcp.core.YayaTcp$2 -> com.yaya.sdk.f.a.m:
    com.yaya.sdk.tcp.core.YayaTcp this$0 -> a
    void <init>(com.yaya.sdk.tcp.core.YayaTcp) -> <init>
    void dispatch(yaya.tlv.signal.TlvSignal) -> a
com.yaya.sdk.tcp.core.YayaTcp$3 -> com.yaya.sdk.f.a.n:
    com.yaya.sdk.tcp.core.YayaTcp this$0 -> a
    void <init>(com.yaya.sdk.tcp.core.YayaTcp) -> <init>
    void onTcpException(int,java.lang.Exception) -> b
com.yaya.sdk.tcp.core.YayaTcp$3$1 -> com.yaya.sdk.f.a.o:
    com.yaya.sdk.tcp.TcpExceptionHandler val$handler -> a
    int val$code -> b
    java.lang.Exception val$e -> c
    com.yaya.sdk.tcp.core.YayaTcp$3 this$1 -> d
    void <init>(com.yaya.sdk.tcp.core.YayaTcp$3,com.yaya.sdk.tcp.TcpExceptionHandler,int,java.lang.Exception) -> <init>
    void run() -> run
com.yaya.sdk.tcp.core.YayaTcp$4 -> com.yaya.sdk.f.a.p:
    com.yaya.sdk.tcp.TcpResponseCallback val$callback -> a
    yaya.tlv.signal.TlvSignal val$req -> b
    yaya.tlv.signal.TlvSignal val$signal -> c
    com.yaya.sdk.tcp.core.YayaTcp this$0 -> d
    void <init>(com.yaya.sdk.tcp.core.YayaTcp,com.yaya.sdk.tcp.TcpResponseCallback,yaya.tlv.signal.TlvSignal,yaya.tlv.signal.TlvSignal) -> <init>
    void run() -> run
com.yaya.sdk.tcp.core.YayaTcp$LocalHandler -> com.yaya.sdk.f.a.k$a:
    com.yaya.sdk.tcp.core.YayaTcp this$0 -> a
    void <init>(com.yaya.sdk.tcp.core.YayaTcp,android.os.Looper) -> <init>
    void handleMessage(android.os.Message) -> handleMessage
    void recordTimeout(long,long) -> a
com.yaya.sdk.tcp.core.YayaTcp$LocalHandler$1 -> com.yaya.sdk.f.a.q:
    com.yaya.sdk.tcp.TcpTimeoutCallback val$callback -> a
    yaya.tlv.signal.TlvSignal val$req -> b
    com.yaya.sdk.tcp.core.YayaTcp$LocalHandler this$1 -> c
    void <init>(com.yaya.sdk.tcp.core.YayaTcp$LocalHandler,com.yaya.sdk.tcp.TcpTimeoutCallback,yaya.tlv.signal.TlvSignal) -> <init>
    void run() -> run
com.yaya.sdk.tcp.core.YayaThreadManager -> com.yaya.sdk.f.a.r:
    android.os.HandlerThread mHandlerThread -> a
    void <init>() -> <init>
    void start() -> a
    boolean isAlive() -> b
    android.os.Looper getYayaLooper() -> c
    void stop() -> d
com.yaya.sdk.text.TextMessageDispatcher -> com.yaya.sdk.g.a:
    android.os.Handler mYayaThreadHandler -> a
    com.yaya.sdk.tcp.ResponseDispatcher create() -> a
    void <init>() -> <init>
    void dispatch(yaya.tlv.signal.TlvSignal) -> a
    android.os.Handler access$000(com.yaya.sdk.text.TextMessageDispatcher) -> a
com.yaya.sdk.text.TextMessageDispatcher$1 -> com.yaya.sdk.g.b:
    com.yaya.sdk.tlv.protocol.message.TextMessageNotify val$textMessageNotify -> a
    com.yaya.sdk.text.TextMessageDispatcher this$0 -> b
    void <init>(com.yaya.sdk.text.TextMessageDispatcher,com.yaya.sdk.tlv.protocol.message.TextMessageNotify) -> <init>
    void run() -> run
com.yaya.sdk.text.TextMessageDispatcher$1$1 -> com.yaya.sdk.g.c:
    com.yaya.sdk.VideoTroopsRespondListener val$listener -> a
    com.yaya.sdk.text.TextMessageDispatcher$1 this$1 -> b
    void <init>(com.yaya.sdk.text.TextMessageDispatcher$1,com.yaya.sdk.VideoTroopsRespondListener) -> <init>
    void run() -> run
com.yaya.sdk.tlv.TlvUtil -> com.yaya.sdk.tlv.TlvUtil:
    void <init>() -> <init>
    int getModuleId(yaya.tlv.signal.TlvSignal) -> getModuleId
    int getMsgCode(yaya.tlv.signal.TlvSignal) -> getMsgCode
    int getModuleId(java.lang.Class) -> getModuleId
    int getMsgCode(java.lang.Class) -> getMsgCode
    yaya.tlv.header.TlvAccessHeader buildHeader(long,java.lang.Integer,java.lang.Integer) -> buildHeader
    yaya.tlv.header.TlvAccessHeader buildHeader(yaya.tlv.signal.TlvSignal,long) -> buildHeader
    byte[] encodeTlvSignalBody(yaya.tlv.signal.TlvSignal,yaya.tlv.TlvStore) -> encodeTlvSignalBody
    yaya.tlv.signal.TlvSignal decodeTlvSignal(java.lang.Integer,java.lang.Integer,byte[],yaya.tlv.TlvStore) -> decodeTlvSignal
com.yaya.sdk.tlv.YayaTlvStore -> com.yaya.sdk.tlv.YayaTlvStore:
    java.lang.String TAG -> TAG
    com.yaya.sdk.tlv.YayaTlvStore instance -> instance
    yaya.tlv.TlvStore getInstance() -> getInstance
    void initRegisterProtocol() -> initRegisterProtocol
    void <init>() -> <init>
com.yaya.sdk.tlv.protocol.HeartbeatReq -> com.yaya.sdk.tlv.protocol.HeartbeatReq:
    void <init>() -> <init>
com.yaya.sdk.tlv.protocol.HeartbeatResp -> com.yaya.sdk.tlv.protocol.HeartbeatResp:
    void <init>() -> <init>
com.yaya.sdk.tlv.protocol.LoginReq -> com.yaya.sdk.tlv.protocol.LoginReq:
    java.lang.Long yunvaId -> yunvaId
    java.lang.String token -> token
    java.lang.String troopsId -> troopsId
    java.lang.String appId -> appId
    java.lang.String sdkAppId -> sdkAppId
    java.lang.String sdkAppVersion -> sdkAppVersion
    java.lang.String remark -> remark
    java.lang.String seq -> seq
    java.lang.String osType -> osType
    java.lang.String osVersion -> osVersion
    void <init>() -> <init>
    java.lang.Long getYunvaId() -> getYunvaId
    void setYunvaId(java.lang.Long) -> setYunvaId
    java.lang.String getToken() -> getToken
    void setToken(java.lang.String) -> setToken
    java.lang.String getTroopsId() -> getTroopsId
    void setTroopsId(java.lang.String) -> setTroopsId
    java.lang.String getAppId() -> getAppId
    void setAppId(java.lang.String) -> setAppId
    java.lang.String getSdkAppId() -> getSdkAppId
    void setSdkAppId(java.lang.String) -> setSdkAppId
    java.lang.String getSdkAppVersion() -> getSdkAppVersion
    void setSdkAppVersion(java.lang.String) -> setSdkAppVersion
    java.lang.String getRemark() -> getRemark
    void setRemark(java.lang.String) -> setRemark
    java.lang.String getSeq() -> getSeq
    void setSeq(java.lang.String) -> setSeq
    java.lang.String getOsType() -> getOsType
    void setOsType(java.lang.String) -> setOsType
    java.lang.String getOsVersion() -> getOsVersion
    void setOsVersion(java.lang.String) -> setOsVersion
    java.lang.String toString() -> toString
com.yaya.sdk.tlv.protocol.LoginResp -> com.yaya.sdk.tlv.protocol.LoginResp:
    java.lang.Long result -> result
    java.lang.String msg -> msg
    java.lang.Byte mode -> mode
    java.lang.Byte leaderMode -> leaderMode
    java.lang.Long leaderId -> leaderId
    void <init>() -> <init>
    java.lang.Long getResult() -> getResult
    void setResult(java.lang.Long) -> setResult
    java.lang.String getMsg() -> getMsg
    void setMsg(java.lang.String) -> setMsg
    java.lang.Byte getMode() -> getMode
    void setMode(java.lang.Byte) -> setMode
    java.lang.Byte getLeaderMode() -> getLeaderMode
    void setLeaderMode(java.lang.Byte) -> setLeaderMode
    java.lang.Long getLeaderId() -> getLeaderId
    void setLeaderId(java.lang.Long) -> setLeaderId
    java.lang.String toString() -> toString
com.yaya.sdk.tlv.protocol.LogoutReq -> com.yaya.sdk.tlv.protocol.LogoutReq:
    java.lang.Long yunvaId -> yunvaId
    java.lang.String troopsId -> troopsId
    void <init>() -> <init>
    java.lang.Long getYunvaId() -> getYunvaId
    void setYunvaId(java.lang.Long) -> setYunvaId
    java.lang.String getTroopsId() -> getTroopsId
    void setTroopsId(java.lang.String) -> setTroopsId
    java.lang.String toString() -> toString
com.yaya.sdk.tlv.protocol.LogoutResp -> com.yaya.sdk.tlv.protocol.LogoutResp:
    java.lang.Long result -> result
    java.lang.String msg -> msg
    void <init>() -> <init>
    java.lang.Long getResult() -> getResult
    void setResult(java.lang.Long) -> setResult
    java.lang.String getMsg() -> getMsg
    void setMsg(java.lang.String) -> setMsg
    java.lang.String toString() -> toString
com.yaya.sdk.tlv.protocol.MicReq -> com.yaya.sdk.tlv.protocol.MicReq:
    java.lang.Long yunvaId -> yunvaId
    java.lang.String actionType -> actionType
    java.lang.String troopsId -> troopsId
    void <init>() -> <init>
    java.lang.Long getYunvaId() -> getYunvaId
    void setYunvaId(java.lang.Long) -> setYunvaId
    java.lang.String getActionType() -> getActionType
    void setActionType(java.lang.String) -> setActionType
    java.lang.String getTroopsId() -> getTroopsId
    void setTroopsId(java.lang.String) -> setTroopsId
    java.lang.String toString() -> toString
com.yaya.sdk.tlv.protocol.MicResp -> com.yaya.sdk.tlv.protocol.MicResp:
    java.lang.Long result -> result
    java.lang.String msg -> msg
    java.lang.String actionType -> actionType
    void <init>() -> <init>
    java.lang.Long getResult() -> getResult
    void setResult(java.lang.Long) -> setResult
    java.lang.String getMsg() -> getMsg
    void setMsg(java.lang.String) -> setMsg
    java.lang.String getActionType() -> getActionType
    void setActionType(java.lang.String) -> setActionType
    java.lang.String toString() -> toString
com.yaya.sdk.tlv.protocol.ModeChangeNotify -> com.yaya.sdk.tlv.protocol.ModeChangeNotify:
    java.lang.Byte mode -> mode
    java.lang.Byte LeaderMode -> LeaderMode
    java.lang.Long yunvaId -> yunvaId
    java.lang.String nickname -> nickname
    void <init>() -> <init>
    java.lang.Byte getMode() -> getMode
    void setMode(java.lang.Byte) -> setMode
    java.lang.Byte getLeaderMode() -> getLeaderMode
    void setLeaderMode(java.lang.Byte) -> setLeaderMode
    java.lang.Long getYunvaId() -> getYunvaId
    void setYunvaId(java.lang.Long) -> setYunvaId
    java.lang.String getNickname() -> getNickname
    void setNickname(java.lang.String) -> setNickname
    java.lang.String toString() -> toString
com.yaya.sdk.tlv.protocol.ModeSettingReq -> com.yaya.sdk.tlv.protocol.ModeSettingReq:
    java.lang.Byte mode -> mode
    java.lang.Byte leaderMode -> leaderMode
    java.lang.Long yunvaId -> yunvaId
    java.lang.String nickname -> nickname
    void <init>() -> <init>
    java.lang.Byte getMode() -> getMode
    void setMode(java.lang.Byte) -> setMode
    java.lang.Byte getLeaderMode() -> getLeaderMode
    void setLeaderMode(java.lang.Byte) -> setLeaderMode
    java.lang.Long getYunvaId() -> getYunvaId
    void setYunvaId(java.lang.Long) -> setYunvaId
    java.lang.String getNickname() -> getNickname
    void setNickname(java.lang.String) -> setNickname
    java.lang.String toString() -> toString
com.yaya.sdk.tlv.protocol.ModeSettingResp -> com.yaya.sdk.tlv.protocol.ModeSettingResp:
    java.lang.Long result -> result
    java.lang.String msg -> msg
    void <init>() -> <init>
    java.lang.Long getResult() -> getResult
    void setResult(java.lang.Long) -> setResult
    java.lang.String getMsg() -> getMsg
    void setMsg(java.lang.String) -> setMsg
    java.lang.String toString() -> toString
com.yaya.sdk.tlv.protocol.TroopsKickOutNotify -> com.yaya.sdk.tlv.protocol.TroopsKickOutNotify:
    java.lang.Long yunvaId -> yunvaId
    java.lang.String troopsId -> troopsId
    java.lang.String msg -> msg
    void <init>() -> <init>
    java.lang.Long getYunvaId() -> getYunvaId
    void setYunvaId(java.lang.Long) -> setYunvaId
    java.lang.String getTroopsId() -> getTroopsId
    void setTroopsId(java.lang.String) -> setTroopsId
    java.lang.String getMsg() -> getMsg
    void setMsg(java.lang.String) -> setMsg
    java.lang.String toString() -> toString
com.yaya.sdk.tlv.protocol.TroopsModeChangeNotify -> com.yaya.sdk.tlv.protocol.TroopsModeChangeNotify:
    int modeType -> modeType
    boolean isLeader -> isLeader
    void <init>() -> <init>
    int getModeType() -> getModeType
    void setModeType(int) -> setModeType
    boolean isLeader() -> isLeader
    void setLeader(boolean) -> setLeader
    java.lang.String toString() -> toString
com.yaya.sdk.tlv.protocol.UserStateNotify -> com.yaya.sdk.tlv.protocol.UserStateNotify:
    java.lang.Long yunvaId -> yunvaId
    java.lang.String troopsId -> troopsId
    java.lang.Byte type -> type
    java.lang.String state -> state
    java.lang.String msg -> msg
    void <init>() -> <init>
    java.lang.Long getYunvaId() -> getYunvaId
    void setYunvaId(java.lang.Long) -> setYunvaId
    java.lang.String getTroopsId() -> getTroopsId
    void setTroopsId(java.lang.String) -> setTroopsId
    java.lang.Byte getType() -> getType
    void setType(java.lang.Byte) -> setType
    java.lang.String getState() -> getState
    void setState(java.lang.String) -> setState
    java.lang.String getMsg() -> getMsg
    void setMsg(java.lang.String) -> setMsg
    java.lang.String toString() -> toString
com.yaya.sdk.tlv.protocol.info.AuthReq -> com.yaya.sdk.tlv.protocol.info.AuthReq:
    java.lang.Long yunvaId -> yunvaId
    java.lang.String password -> password
    java.lang.String imsi -> imsi
    java.lang.String imei -> imei
    java.lang.String mac -> mac
    java.lang.String appId -> appId
    java.lang.String osType -> osType
    java.lang.String thirdAccount -> thirdAccount
    java.lang.String appVersion -> appVersion
    java.lang.String networkType -> networkType
    void <init>() -> <init>
    java.lang.Long getYunvaId() -> getYunvaId
    void setYunvaId(java.lang.Long) -> setYunvaId
    java.lang.String getPassword() -> getPassword
    void setPassword(java.lang.String) -> setPassword
    java.lang.String getImei() -> getImei
    void setImei(java.lang.String) -> setImei
    java.lang.String getImsi() -> getImsi
    void setImsi(java.lang.String) -> setImsi
    java.lang.String getMac() -> getMac
    void setMac(java.lang.String) -> setMac
    java.lang.String getAppId() -> getAppId
    void setAppId(java.lang.String) -> setAppId
    java.lang.String getOsType() -> getOsType
    void setOsType(java.lang.String) -> setOsType
    java.lang.String getThirdAccount() -> getThirdAccount
    void setThirdAccount(java.lang.String) -> setThirdAccount
    java.lang.String getAppVersion() -> getAppVersion
    void setAppVersion(java.lang.String) -> setAppVersion
    java.lang.String getNetworkType() -> getNetworkType
    void setNetworkType(java.lang.String) -> setNetworkType
    java.lang.String toString() -> toString
com.yaya.sdk.tlv.protocol.info.AuthResp -> com.yaya.sdk.tlv.protocol.info.AuthResp:
    java.lang.Long result -> result
    java.lang.String msg -> msg
    java.lang.Long yunvaId -> yunvaId
    java.lang.String phone -> phone
    java.lang.String nickName -> nickName
    java.lang.Byte sex -> sex
    java.lang.String birthday -> birthday
    java.lang.String email -> email
    java.lang.String accountType -> accountType
    java.lang.String iconUrl -> iconUrl
    java.lang.String signature -> signature
    java.lang.String currentProvince -> currentProvince
    java.lang.String currentCity -> currentCity
    java.lang.String birthProvince -> birthProvince
    java.lang.String birthCity -> birthCity
    java.lang.String school -> school
    java.lang.String industry -> industry
    java.lang.String intro -> intro
    java.lang.String star -> star
    java.lang.String hobby -> hobby
    java.lang.String qq -> qq
    java.lang.String weixin -> weixin
    java.lang.String weibo -> weibo
    java.lang.String token -> token
    void <init>() -> <init>
    java.lang.String getAccountType() -> getAccountType
    void setAccountType(java.lang.String) -> setAccountType
    java.lang.String getBirthCity() -> getBirthCity
    void setBirthCity(java.lang.String) -> setBirthCity
    java.lang.String getBirthday() -> getBirthday
    void setBirthday(java.lang.String) -> setBirthday
    java.lang.String getBirthProvince() -> getBirthProvince
    void setBirthProvince(java.lang.String) -> setBirthProvince
    java.lang.String getCurrentCity() -> getCurrentCity
    void setCurrentCity(java.lang.String) -> setCurrentCity
    java.lang.String getCurrentProvince() -> getCurrentProvince
    void setCurrentProvince(java.lang.String) -> setCurrentProvince
    java.lang.String getEmail() -> getEmail
    void setEmail(java.lang.String) -> setEmail
    java.lang.String getHobby() -> getHobby
    void setHobby(java.lang.String) -> setHobby
    java.lang.String getIconUrl() -> getIconUrl
    void setIconUrl(java.lang.String) -> setIconUrl
    java.lang.String getIndustry() -> getIndustry
    void setIndustry(java.lang.String) -> setIndustry
    java.lang.String getIntro() -> getIntro
    void setIntro(java.lang.String) -> setIntro
    java.lang.String getMsg() -> getMsg
    void setMsg(java.lang.String) -> setMsg
    java.lang.String getNickName() -> getNickName
    void setNickName(java.lang.String) -> setNickName
    java.lang.String getPhone() -> getPhone
    void setPhone(java.lang.String) -> setPhone
    java.lang.Long getResult() -> getResult
    void setResult(java.lang.Long) -> setResult
    java.lang.String getSchool() -> getSchool
    void setSchool(java.lang.String) -> setSchool
    java.lang.Byte getSex() -> getSex
    void setSex(java.lang.Byte) -> setSex
    java.lang.String getSignature() -> getSignature
    void setSignature(java.lang.String) -> setSignature
    java.lang.String getStar() -> getStar
    void setStar(java.lang.String) -> setStar
    java.lang.Long getYunvaId() -> getYunvaId
    void setYunvaId(java.lang.Long) -> setYunvaId
    java.lang.String getQq() -> getQq
    void setQq(java.lang.String) -> setQq
    java.lang.String getWeixin() -> getWeixin
    void setWeixin(java.lang.String) -> setWeixin
    java.lang.String getWeibo() -> getWeibo
    void setWeibo(java.lang.String) -> setWeibo
    java.lang.String getToken() -> getToken
    void setToken(java.lang.String) -> setToken
    java.lang.String toString() -> toString
com.yaya.sdk.tlv.protocol.info.GetGmgcUserInfoReq -> com.yaya.sdk.tlv.protocol.info.GetGmgcUserInfoReq:
    java.lang.String tt -> tt
    java.lang.String appId -> appId
    java.lang.String imsi -> imsi
    java.lang.String imei -> imei
    java.lang.String mac -> mac
    java.lang.String channelId -> channelId
    java.lang.String appVersion -> appVersion
    java.lang.String osType -> osType
    java.lang.String osVersion -> osVersion
    java.lang.String sdkAppId -> sdkAppId
    java.lang.String sdkAppVersion -> sdkAppVersion
    void <init>() -> <init>
    java.lang.String getTt() -> getTt
    void setTt(java.lang.String) -> setTt
    java.lang.String getAppId() -> getAppId
    void setAppId(java.lang.String) -> setAppId
    java.lang.String getImsi() -> getImsi
    void setImsi(java.lang.String) -> setImsi
    java.lang.String getImei() -> getImei
    void setImei(java.lang.String) -> setImei
    java.lang.String getMac() -> getMac
    void setMac(java.lang.String) -> setMac
    java.lang.String getChannelId() -> getChannelId
    void setChannelId(java.lang.String) -> setChannelId
    java.lang.String getAppVersion() -> getAppVersion
    void setAppVersion(java.lang.String) -> setAppVersion
    java.lang.String getOsType() -> getOsType
    void setOsType(java.lang.String) -> setOsType
    java.lang.String getOsVersion() -> getOsVersion
    void setOsVersion(java.lang.String) -> setOsVersion
    java.lang.String getSdkAppId() -> getSdkAppId
    void setSdkAppId(java.lang.String) -> setSdkAppId
    java.lang.String getSdkAppVersion() -> getSdkAppVersion
    void setSdkAppVersion(java.lang.String) -> setSdkAppVersion
    java.lang.String toString() -> toString
com.yaya.sdk.tlv.protocol.info.GetGmgcUserInfoResp -> com.yaya.sdk.tlv.protocol.info.GetGmgcUserInfoResp:
    java.lang.Long result -> result
    java.lang.String msg -> msg
    java.lang.Long yunvaId -> yunvaId
    java.lang.String password -> password
    java.lang.String nickname -> nickname
    java.lang.String thirdUserId -> thirdUserId
    java.lang.String thirdUserName -> thirdUserName
    java.lang.String t -> t
    java.lang.Integer reqType -> reqType
    void <init>() -> <init>
    java.lang.Long getResult() -> getResult
    void setResult(java.lang.Long) -> setResult
    java.lang.String getMsg() -> getMsg
    void setMsg(java.lang.String) -> setMsg
    java.lang.Long getYunvaId() -> getYunvaId
    void setYunvaId(java.lang.Long) -> setYunvaId
    java.lang.String getPassword() -> getPassword
    void setPassword(java.lang.String) -> setPassword
    java.lang.String getNickname() -> getNickname
    void setNickname(java.lang.String) -> setNickname
    java.lang.String getThirdUserId() -> getThirdUserId
    void setThirdUserId(java.lang.String) -> setThirdUserId
    java.lang.String getThirdUserName() -> getThirdUserName
    void setThirdUserName(java.lang.String) -> setThirdUserName
    java.lang.String getT() -> getT
    void setT(java.lang.String) -> setT
    java.lang.Integer getReqType() -> getReqType
    void setReqType(java.lang.Integer) -> setReqType
    java.lang.String toString() -> toString
com.yaya.sdk.tlv.protocol.info.GetTroopsInfoReq -> com.yaya.sdk.tlv.protocol.info.GetTroopsInfoReq:
    java.lang.String appId -> appId
    java.lang.String seq -> seq
    java.lang.String sdkAppId -> sdkAppId
    java.lang.String sdkAppVersion -> sdkAppVersion
    java.lang.String imsi -> imsi
    java.lang.String imei -> imei
    java.lang.String mac -> mac
    java.lang.String osType -> osType
    java.lang.String osVersion -> osVersion
    java.lang.String hasVideo -> hasVideo
    void <init>() -> <init>
    java.lang.String getAppId() -> getAppId
    void setAppId(java.lang.String) -> setAppId
    java.lang.String getSeq() -> getSeq
    void setSeq(java.lang.String) -> setSeq
    java.lang.String getSdkAppId() -> getSdkAppId
    void setSdkAppId(java.lang.String) -> setSdkAppId
    java.lang.String getSdkAppVersion() -> getSdkAppVersion
    void setSdkAppVersion(java.lang.String) -> setSdkAppVersion
    java.lang.String getImsi() -> getImsi
    void setImsi(java.lang.String) -> setImsi
    java.lang.String getImei() -> getImei
    void setImei(java.lang.String) -> setImei
    java.lang.String getMac() -> getMac
    void setMac(java.lang.String) -> setMac
    java.lang.String getOsType() -> getOsType
    void setOsType(java.lang.String) -> setOsType
    java.lang.String getOsVersion() -> getOsVersion
    void setOsVersion(java.lang.String) -> setOsVersion
    java.lang.String getHasVideo() -> getHasVideo
    void setHasVideo(java.lang.String) -> setHasVideo
    java.lang.String toString() -> toString
com.yaya.sdk.tlv.protocol.info.GetTroopsInfoResp -> com.yaya.sdk.tlv.protocol.info.GetTroopsInfoResp:
    java.lang.Long result -> result
    java.lang.String msg -> msg
    java.lang.String host -> host
    java.lang.Integer port -> port
    java.lang.String troopsId -> troopsId
    java.lang.String token -> token
    java.lang.String videoHost -> videoHost
    java.lang.Integer videoPort -> videoPort
    void <init>() -> <init>
    java.lang.Long getResult() -> getResult
    void setResult(java.lang.Long) -> setResult
    java.lang.String getMsg() -> getMsg
    void setMsg(java.lang.String) -> setMsg
    java.lang.String getTroopsId() -> getTroopsId
    void setTroopsId(java.lang.String) -> setTroopsId
    java.lang.String getHost() -> getHost
    void setHost(java.lang.String) -> setHost
    java.lang.Integer getPort() -> getPort
    void setPort(java.lang.Integer) -> setPort
    java.lang.String getToken() -> getToken
    void setToken(java.lang.String) -> setToken
    java.lang.String getVideoHost() -> getVideoHost
    void setVideoHost(java.lang.String) -> setVideoHost
    java.lang.Integer getVideoPort() -> getVideoPort
    void setVideoPort(java.lang.Integer) -> setVideoPort
    java.lang.String toString() -> toString
com.yaya.sdk.tlv.protocol.info.RegisterReq -> com.yaya.sdk.tlv.protocol.info.RegisterReq:
    java.lang.String nickName -> nickName
    java.lang.String password -> password
    java.lang.String imsi -> imsi
    java.lang.String imei -> imei
    java.lang.String phone -> phone
    java.lang.String mac -> mac
    java.lang.String factory -> factory
    java.lang.String model -> model
    java.lang.String channelId -> channelId
    java.lang.String appId -> appId
    java.lang.Byte sex -> sex
    java.lang.String birthday -> birthday
    java.lang.String star -> star
    java.lang.String email -> email
    java.lang.String iconUrl -> iconUrl
    java.lang.String currentProvince -> currentProvince
    java.lang.String currentCity -> currentCity
    java.lang.String birthProvince -> birthProvince
    java.lang.String birthCity -> birthCity
    java.lang.String school -> school
    java.lang.String osType -> osType
    java.lang.String osVersion -> osVersion
    java.lang.String cpuType -> cpuType
    java.lang.String display -> display
    java.lang.String industry -> industry
    java.lang.String signature -> signature
    java.lang.String intro -> intro
    java.lang.String hobby -> hobby
    java.lang.String appVersion -> appVersion
    java.lang.String sdkAppId -> sdkAppId
    java.lang.String sdkVersion -> sdkVersion
    void <init>() -> <init>
    java.lang.String getImsi() -> getImsi
    void setImsi(java.lang.String) -> setImsi
    java.lang.String getImei() -> getImei
    void setImei(java.lang.String) -> setImei
    java.lang.String getPhone() -> getPhone
    void setPhone(java.lang.String) -> setPhone
    java.lang.String getFactory() -> getFactory
    void setFactory(java.lang.String) -> setFactory
    java.lang.String getModel() -> getModel
    void setModel(java.lang.String) -> setModel
    java.lang.String getChannelId() -> getChannelId
    void setChannelId(java.lang.String) -> setChannelId
    java.lang.String getAppId() -> getAppId
    void setAppId(java.lang.String) -> setAppId
    java.lang.String getNickName() -> getNickName
    void setNickName(java.lang.String) -> setNickName
    java.lang.Byte getSex() -> getSex
    void setSex(java.lang.Byte) -> setSex
    java.lang.String getBirthday() -> getBirthday
    void setBirthday(java.lang.String) -> setBirthday
    java.lang.String getPassword() -> getPassword
    void setPassword(java.lang.String) -> setPassword
    java.lang.String getBirthCity() -> getBirthCity
    void setBirthCity(java.lang.String) -> setBirthCity
    java.lang.String getBirthProvince() -> getBirthProvince
    void setBirthProvince(java.lang.String) -> setBirthProvince
    java.lang.String getCurrentCity() -> getCurrentCity
    void setCurrentCity(java.lang.String) -> setCurrentCity
    java.lang.String getCurrentProvince() -> getCurrentProvince
    void setCurrentProvince(java.lang.String) -> setCurrentProvince
    java.lang.String getEmail() -> getEmail
    void setEmail(java.lang.String) -> setEmail
    java.lang.String getIconUrl() -> getIconUrl
    void setIconUrl(java.lang.String) -> setIconUrl
    java.lang.String getIndustry() -> getIndustry
    void setIndustry(java.lang.String) -> setIndustry
    java.lang.String getOsType() -> getOsType
    void setOsType(java.lang.String) -> setOsType
    java.lang.String getOsVersion() -> getOsVersion
    void setOsVersion(java.lang.String) -> setOsVersion
    java.lang.String getSchool() -> getSchool
    void setSchool(java.lang.String) -> setSchool
    java.lang.String getSignature() -> getSignature
    void setSignature(java.lang.String) -> setSignature
    java.lang.String getIntro() -> getIntro
    void setIntro(java.lang.String) -> setIntro
    java.lang.String getCpuType() -> getCpuType
    void setCpuType(java.lang.String) -> setCpuType
    java.lang.String getDisplay() -> getDisplay
    void setDisplay(java.lang.String) -> setDisplay
    java.lang.String getHobby() -> getHobby
    void setHobby(java.lang.String) -> setHobby
    java.lang.String getMac() -> getMac
    void setMac(java.lang.String) -> setMac
    java.lang.String getStar() -> getStar
    void setStar(java.lang.String) -> setStar
    java.lang.String getSdkAppId() -> getSdkAppId
    void setSdkAppId(java.lang.String) -> setSdkAppId
    java.lang.String getSdkVersion() -> getSdkVersion
    void setSdkVersion(java.lang.String) -> setSdkVersion
    java.lang.String getAppVersion() -> getAppVersion
    void setAppVersion(java.lang.String) -> setAppVersion
    java.lang.String toString() -> toString
com.yaya.sdk.tlv.protocol.info.RegisterResp -> com.yaya.sdk.tlv.protocol.info.RegisterResp:
    java.lang.Long result -> result
    java.lang.String msg -> msg
    java.lang.Long yunvaId -> yunvaId
    java.lang.String password -> password
    void <init>() -> <init>
    java.lang.String getMsg() -> getMsg
    void setMsg(java.lang.String) -> setMsg
    java.lang.String getPassword() -> getPassword
    void setPassword(java.lang.String) -> setPassword
    java.lang.Long getResult() -> getResult
    void setResult(java.lang.Long) -> setResult
    java.lang.Long getYunvaId() -> getYunvaId
    void setYunvaId(java.lang.Long) -> setYunvaId
    java.lang.String toString() -> toString
com.yaya.sdk.tlv.protocol.info.SpeechDiscernReq -> com.yaya.sdk.tlv.protocol.info.SpeechDiscernReq:
    java.lang.String appId -> appId
    java.lang.Long yunvaId -> yunvaId
    java.lang.String textType -> textType
    java.lang.String format -> format
    int rate -> rate
    java.lang.String channel -> channel
    java.lang.String cuid -> cuid
    java.lang.Long len -> len
    java.lang.String lan -> lan
    java.lang.String speech -> speech
    java.lang.String url -> url
    java.lang.String expires -> expires
    long voiceDuration -> voiceDuration
    java.lang.String expand -> expand
    java.lang.String voiceFilePath -> voiceFilePath
    void <init>() -> <init>
    java.lang.String getAppId() -> getAppId
    void setAppId(java.lang.String) -> setAppId
    java.lang.Long getYunvaId() -> getYunvaId
    void setYunvaId(java.lang.Long) -> setYunvaId
    java.lang.String getTextType() -> getTextType
    void setTextType(java.lang.String) -> setTextType
    java.lang.String getFormat() -> getFormat
    void setFormat(java.lang.String) -> setFormat
    int getRate() -> getRate
    void setRate(int) -> setRate
    java.lang.String getChannel() -> getChannel
    void setChannel(java.lang.String) -> setChannel
    java.lang.String getCuid() -> getCuid
    void setCuid(java.lang.String) -> setCuid
    java.lang.Long getLen() -> getLen
    void setLen(java.lang.Long) -> setLen
    java.lang.String getLan() -> getLan
    void setLan(java.lang.String) -> setLan
    java.lang.String getSpeech() -> getSpeech
    void setSpeech(java.lang.String) -> setSpeech
    java.lang.String getUrl() -> getUrl
    void setUrl(java.lang.String) -> setUrl
    java.lang.String getExpires() -> getExpires
    void setExpires(java.lang.String) -> setExpires
    long getVoiceDuration() -> getVoiceDuration
    void setVoiceDuration(long) -> setVoiceDuration
    java.lang.String getExpand() -> getExpand
    void setExpand(java.lang.String) -> setExpand
    java.lang.String getVoiceFilePath() -> getVoiceFilePath
    void setVoiceFilePath(java.lang.String) -> setVoiceFilePath
    java.lang.String toString() -> toString
com.yaya.sdk.tlv.protocol.info.SpeechDiscernResp -> com.yaya.sdk.tlv.protocol.info.SpeechDiscernResp:
    java.lang.Long result -> result
    java.lang.String msg -> msg
    java.lang.String content -> content
    java.lang.String url -> url
    long voiceDuration -> voiceDuration
    java.lang.String expand -> expand
    java.lang.String voiceFilePath -> voiceFilePath
    void <init>() -> <init>
    java.lang.Long getResult() -> getResult
    void setResult(java.lang.Long) -> setResult
    java.lang.String getMsg() -> getMsg
    void setMsg(java.lang.String) -> setMsg
    java.lang.String getContent() -> getContent
    void setContent(java.lang.String) -> setContent
    java.lang.String getUrl() -> getUrl
    void setUrl(java.lang.String) -> setUrl
    long getVoiceDuration() -> getVoiceDuration
    void setVoiceDuration(long) -> setVoiceDuration
    java.lang.String getExpand() -> getExpand
    void setExpand(java.lang.String) -> setExpand
    java.lang.String getVoiceFilePath() -> getVoiceFilePath
    void setVoiceFilePath(java.lang.String) -> setVoiceFilePath
    java.lang.String toString() -> toString
com.yaya.sdk.tlv.protocol.info.ThirdAuthReq -> com.yaya.sdk.tlv.protocol.info.ThirdAuthReq:
    java.lang.Long yunvaId -> yunvaId
    java.lang.String t -> t
    java.lang.String thirdId -> thirdId
    java.lang.String thirdUserName -> thirdUserName
    java.lang.String imsi -> imsi
    java.lang.String imei -> imei
    java.lang.String mac -> mac
    java.lang.String appId -> appId
    java.lang.String osType -> osType
    java.lang.String networkType -> networkType
    void <init>() -> <init>
    java.lang.Long getYunvaId() -> getYunvaId
    void setYunvaId(java.lang.Long) -> setYunvaId
    java.lang.String getT() -> getT
    void setT(java.lang.String) -> setT
    java.lang.String getThirdId() -> getThirdId
    void setThirdId(java.lang.String) -> setThirdId
    java.lang.String getThirdUserName() -> getThirdUserName
    void setThirdUserName(java.lang.String) -> setThirdUserName
    java.lang.String getImsi() -> getImsi
    void setImsi(java.lang.String) -> setImsi
    java.lang.String getImei() -> getImei
    void setImei(java.lang.String) -> setImei
    java.lang.String getMac() -> getMac
    void setMac(java.lang.String) -> setMac
    java.lang.String getAppId() -> getAppId
    void setAppId(java.lang.String) -> setAppId
    java.lang.String getOsType() -> getOsType
    void setOsType(java.lang.String) -> setOsType
    java.lang.String getNetworkType() -> getNetworkType
    void setNetworkType(java.lang.String) -> setNetworkType
    java.lang.String toString() -> toString
com.yaya.sdk.tlv.protocol.info.ThirdAuthResp -> com.yaya.sdk.tlv.protocol.info.ThirdAuthResp:
    java.lang.Long result -> result
    java.lang.String msg -> msg
    java.lang.Long yunvaId -> yunvaId
    java.lang.String phone -> phone
    java.lang.String nickName -> nickName
    java.lang.Byte sex -> sex
    java.lang.String birthday -> birthday
    java.lang.String email -> email
    java.lang.String accountType -> accountType
    java.lang.String iconUrl -> iconUrl
    java.lang.String signature -> signature
    java.lang.String currentProvince -> currentProvince
    java.lang.String currentCity -> currentCity
    java.lang.String birthProvince -> birthProvince
    java.lang.String birthCity -> birthCity
    java.lang.String school -> school
    java.lang.String industry -> industry
    java.lang.String intro -> intro
    java.lang.String star -> star
    java.lang.String hobby -> hobby
    java.lang.String thirdId -> thirdId
    java.lang.Long thirdUserId -> thirdUserId
    java.lang.String thirdUserName -> thirdUserName
    java.lang.String qq -> qq
    java.lang.String weixin -> weixin
    java.lang.String weibo -> weibo
    java.lang.String token -> token
    void <init>() -> <init>
    java.lang.Long getResult() -> getResult
    void setResult(java.lang.Long) -> setResult
    java.lang.String getMsg() -> getMsg
    void setMsg(java.lang.String) -> setMsg
    java.lang.Long getYunvaId() -> getYunvaId
    void setYunvaId(java.lang.Long) -> setYunvaId
    java.lang.String getPhone() -> getPhone
    void setPhone(java.lang.String) -> setPhone
    java.lang.String getNickName() -> getNickName
    void setNickName(java.lang.String) -> setNickName
    java.lang.Byte getSex() -> getSex
    void setSex(java.lang.Byte) -> setSex
    java.lang.String getBirthday() -> getBirthday
    void setBirthday(java.lang.String) -> setBirthday
    java.lang.String getEmail() -> getEmail
    void setEmail(java.lang.String) -> setEmail
    java.lang.String getAccountType() -> getAccountType
    void setAccountType(java.lang.String) -> setAccountType
    java.lang.String getIconUrl() -> getIconUrl
    void setIconUrl(java.lang.String) -> setIconUrl
    java.lang.String getSignature() -> getSignature
    void setSignature(java.lang.String) -> setSignature
    java.lang.String getCurrentProvince() -> getCurrentProvince
    void setCurrentProvince(java.lang.String) -> setCurrentProvince
    java.lang.String getCurrentCity() -> getCurrentCity
    void setCurrentCity(java.lang.String) -> setCurrentCity
    java.lang.String getBirthProvince() -> getBirthProvince
    void setBirthProvince(java.lang.String) -> setBirthProvince
    java.lang.String getBirthCity() -> getBirthCity
    void setBirthCity(java.lang.String) -> setBirthCity
    java.lang.String getSchool() -> getSchool
    void setSchool(java.lang.String) -> setSchool
    java.lang.String getIndustry() -> getIndustry
    void setIndustry(java.lang.String) -> setIndustry
    java.lang.String getIntro() -> getIntro
    void setIntro(java.lang.String) -> setIntro
    java.lang.String getStar() -> getStar
    void setStar(java.lang.String) -> setStar
    java.lang.String getHobby() -> getHobby
    void setHobby(java.lang.String) -> setHobby
    java.lang.String getThirdId() -> getThirdId
    void setThirdId(java.lang.String) -> setThirdId
    java.lang.Long getThirdUserId() -> getThirdUserId
    void setThirdUserId(java.lang.Long) -> setThirdUserId
    java.lang.String getThirdUserName() -> getThirdUserName
    void setThirdUserName(java.lang.String) -> setThirdUserName
    java.lang.String getQq() -> getQq
    void setQq(java.lang.String) -> setQq
    java.lang.String getWeixin() -> getWeixin
    void setWeixin(java.lang.String) -> setWeixin
    java.lang.String getWeibo() -> getWeibo
    void setWeibo(java.lang.String) -> setWeibo
    java.lang.String getToken() -> getToken
    void setToken(java.lang.String) -> setToken
    java.lang.String toString() -> toString
com.yaya.sdk.tlv.protocol.message.MixVoiceMessage -> com.yaya.sdk.tlv.protocol.message.MixVoiceMessage:
    java.lang.Long yunvaId -> yunvaId
    byte[] msg -> msg
    int position -> position
    void <init>() -> <init>
    int getPosition() -> getPosition
    void setPosition(int) -> setPosition
    java.lang.Long getYunvaId() -> getYunvaId
    void setYunvaId(java.lang.Long) -> setYunvaId
    byte[] getMsg() -> getMsg
    void setMsg(byte[]) -> setMsg
    java.lang.String toString() -> toString
com.yaya.sdk.tlv.protocol.message.TextMessageNotify -> com.yaya.sdk.tlv.protocol.message.TextMessageNotify:
    java.lang.String troopsId -> troopsId
    java.lang.Long yunvaId -> yunvaId
    java.lang.String text -> text
    java.lang.String richText -> richText
    java.lang.Long time -> time
    java.lang.String expand -> expand
    void <init>() -> <init>
    java.lang.String getTroopsId() -> getTroopsId
    void setTroopsId(java.lang.String) -> setTroopsId
    java.lang.Long getYunvaId() -> getYunvaId
    void setYunvaId(java.lang.Long) -> setYunvaId
    java.lang.String getText() -> getText
    void setText(java.lang.String) -> setText
    java.lang.String getRichText() -> getRichText
    void setRichText(java.lang.String) -> setRichText
    java.lang.Long getTime() -> getTime
    void setTime(java.lang.Long) -> setTime
    java.lang.String getExpand() -> getExpand
    void setExpand(java.lang.String) -> setExpand
    java.lang.String toString() -> toString
com.yaya.sdk.tlv.protocol.message.TextMessageReq -> com.yaya.sdk.tlv.protocol.message.TextMessageReq:
    java.lang.String troopsId -> troopsId
    java.lang.Long yunvaId -> yunvaId
    java.lang.String text -> text
    java.lang.String richText -> richText
    java.lang.String expand -> expand
    void <init>() -> <init>
    java.lang.String getTroopsId() -> getTroopsId
    void setTroopsId(java.lang.String) -> setTroopsId
    java.lang.Long getYunvaId() -> getYunvaId
    void setYunvaId(java.lang.Long) -> setYunvaId
    java.lang.String getText() -> getText
    void setText(java.lang.String) -> setText
    java.lang.String getRichText() -> getRichText
    void setRichText(java.lang.String) -> setRichText
    java.lang.String getExpand() -> getExpand
    void setExpand(java.lang.String) -> setExpand
    java.lang.String toString() -> toString
com.yaya.sdk.tlv.protocol.message.TextMessageResp -> com.yaya.sdk.tlv.protocol.message.TextMessageResp:
    java.lang.Long result -> result
    java.lang.String msg -> msg
    java.lang.String expand -> expand
    void <init>() -> <init>
    java.lang.Long getResult() -> getResult
    void setResult(java.lang.Long) -> setResult
    java.lang.String getMsg() -> getMsg
    void setMsg(java.lang.String) -> setMsg
    java.lang.String getExpand() -> getExpand
    void setExpand(java.lang.String) -> setExpand
    java.lang.String toString() -> toString
com.yaya.sdk.tlv.protocol.message.VoiceMessageNotify -> com.yaya.sdk.tlv.protocol.message.VoiceMessageNotify:
    java.lang.String troopsId -> troopsId
    java.lang.Long yunvaId -> yunvaId
    byte[] msg -> msg
    java.lang.String expand -> expand
    void <init>() -> <init>
    java.lang.String getTroopsId() -> getTroopsId
    void setTroopsId(java.lang.String) -> setTroopsId
    java.lang.Long getYunvaId() -> getYunvaId
    void setYunvaId(java.lang.Long) -> setYunvaId
    byte[] getMsg() -> getMsg
    void setMsg(byte[]) -> setMsg
    java.lang.String getExpand() -> getExpand
    void setExpand(java.lang.String) -> setExpand
    java.lang.String toString() -> toString
com.yaya.sdk.tlv.protocol.message.VoiceMessageReq -> com.yaya.sdk.tlv.protocol.message.VoiceMessageReq:
    java.lang.String troopsId -> troopsId
    java.lang.Long yunvaId -> yunvaId
    byte[] msg -> msg
    java.lang.String expand -> expand
    void <init>() -> <init>
    java.lang.String getTroopsId() -> getTroopsId
    void setTroopsId(java.lang.String) -> setTroopsId
    java.lang.Long getYunvaId() -> getYunvaId
    void setYunvaId(java.lang.Long) -> setYunvaId
    byte[] getMsg() -> getMsg
    void setMsg(byte[]) -> setMsg
    java.lang.String getExpand() -> getExpand
    void setExpand(java.lang.String) -> setExpand
    java.lang.String toString() -> toString
com.yaya.sdk.tlv.protocol.message.VoiceMessageResp -> com.yaya.sdk.tlv.protocol.message.VoiceMessageResp:
    java.lang.Long result -> result
    java.lang.String msg -> msg
    void <init>() -> <init>
    java.lang.Long getResult() -> getResult
    void setResult(java.lang.Long) -> setResult
    java.lang.String getMsg() -> getMsg
    void setMsg(java.lang.String) -> setMsg
    java.lang.String toString() -> toString
com.yaya.sdk.util.ExceptionUtil -> com.yaya.sdk.h.a:
    java.lang.String getStackTrace(java.lang.Throwable) -> a
com.yaya.sdk.util.GZipUtil -> com.yaya.sdk.h.b:
    byte[] decompress(byte[]) -> a
    void decompress(java.io.InputStream,java.io.OutputStream) -> a
com.yaya.sdk.util.NetworkUtil -> com.yaya.sdk.h.c:
    byte getNetWorkType(android.content.Context) -> a
    boolean isNetworkConnected(android.content.Context) -> b
    boolean isNetworkAvailable(android.content.Context) -> c
com.yaya.sdk.util.TelephonyUtil -> com.yaya.sdk.h.d:
    java.lang.String getOsType() -> a
    java.lang.String getAppVersion(android.content.Context) -> a
    java.lang.String getChannelId(android.content.Context) -> b
    java.lang.String getCpuType() -> b
    java.lang.String getCpuName() -> c
    java.lang.String getDisplay(android.content.Context) -> c
    java.lang.String getTelephonyModel() -> d
    java.lang.String getManufacturer() -> e
    int getSystemVersionCode() -> f
    java.lang.String getSystemVersionName() -> g
    java.lang.String getMac(android.content.Context) -> d
    java.lang.String getImsi(android.content.Context) -> e
    java.lang.String getImei(android.content.Context) -> f
com.yunva.jni.JitterBufferPacket -> com.yunva.jni.JitterBufferPacket:
    byte[] data -> data
    int len -> len
    int timestamp -> timestamp
    int span -> span
    short sequence -> sequence
    int user_data -> user_data
    void <init>() -> <init>
com.yunva.jni.Native -> com.yunva.jni.Native:
    void <init>() -> <init>
    int audio_process_create(int,int,int) -> audio_process_create
    long audio_buffer_init(int) -> audio_buffer_init
    void audio_buffer_destroy(long) -> audio_buffer_destroy
    void audio_buffer_put(long,com.yunva.jni.JitterBufferPacket) -> audio_buffer_put
    int audio_buffer_get(long,com.yunva.jni.JitterBufferPacket,int,int[]) -> audio_buffer_get
    int audio_buffer_get_pointer_timestamp(long) -> audio_buffer_get_pointer_timestamp
    void audio_buffer_tick(long) -> audio_buffer_tick
    int audio_buffer_ctl(long,int,int[]) -> audio_buffer_ctl
    int audio_buffer_update_delay(long,com.yunva.jni.JitterBufferPacket,int[]) -> audio_buffer_update_delay
    void audio_process_reset() -> audio_process_reset
    void audio_process_close() -> audio_process_close
    int audio_process_run(short[],int,short[],int) -> audio_process_run
    int audio_process_runx(short[],int,short[],int) -> audio_process_runx
    void audio_process_farbuf(short[],int) -> audio_process_farbuf
    void audio_mix_normalizing_close(short[],short[],short[],short[],short[],short[],int) -> audio_mix_normalizing_close
    void audio_mix_simple_close(short[],short[],short[],short[],short[],short[],int) -> audio_mix_simple_close
    void codec_AmrEncoder_open() -> codec_AmrEncoder_open
    void codec_AmrEncoder_close() -> codec_AmrEncoder_close
    int codec_AmrEncoder_pcm2amr(byte[],int,byte[],int) -> codec_AmrEncoder_pcm2amr
    void codec_AmrDecoder_open() -> codec_AmrDecoder_open
    void codec_AmrDecoder_close() -> codec_AmrDecoder_close
    int codec_AmrDecoder_amr2pcm(byte[],int,short[],int,int[]) -> codec_AmrDecoder_amr2pcm
    void codec_AmrDecoder1_open() -> codec_AmrDecoder1_open
    void codec_AmrDecoder1_close() -> codec_AmrDecoder1_close
    int codec_AmrDecoder1_amr2pcm(byte[],int,short[],int,int[]) -> codec_AmrDecoder1_amr2pcm
    void codec_AmrDecoder2_open() -> codec_AmrDecoder2_open
    void codec_AmrDecoder2_close() -> codec_AmrDecoder2_close
    int codec_AmrDecoder2_amr2pcm(byte[],int,short[],int,int[]) -> codec_AmrDecoder2_amr2pcm
    void codec_AmrDecoder3_open() -> codec_AmrDecoder3_open
    void codec_AmrDecoder3_close() -> codec_AmrDecoder3_close
    int codec_AmrDecoder3_amr2pcm(byte[],int,short[],int,int[]) -> codec_AmrDecoder3_amr2pcm
    void codec_AmrDecoder4_open() -> codec_AmrDecoder4_open
    void codec_AmrDecoder4_close() -> codec_AmrDecoder4_close
    int codec_AmrDecoder4_amr2pcm(byte[],int,short[],int,int[]) -> codec_AmrDecoder4_amr2pcm
